ARM Linker, 4.1 [Build 894] [Standard]

==============================================================================

Section Cross References

    main.o(i.AppTaskStart) refers to system_stm32f10x.o(i.SystemInit) for SystemInit
    main.o(i.AppTaskStart) refers to main.o(i.ButtonInit) for ButtonInit
    main.o(i.AppTaskStart) refers to dtimer.o(i.DTimerInit) for DTimerInit
    main.o(i.AppTaskStart) refers to uart.o(i.init_dbguart) for init_dbguart
    main.o(i.AppTaskStart) refers to stm32_eval.o(i.STM_EVAL_LEDInit) for STM_EVAL_LEDInit
    main.o(i.AppTaskStart) refers to stm32_eval.o(i.STM_EVAL_LEDOn) for STM_EVAL_LEDOn
    main.o(i.AppTaskStart) refers to os_time.o(i.OSTimeDly) for OSTimeDly
    main.o(i.AppTaskStart) refers to stm32_eval.o(i.STM_EVAL_LEDOff) for STM_EVAL_LEDOff
    main.o(i.AppTaskStart) refers to os_core.o(i.OSStatInit) for OSStatInit
    main.o(i.AppTaskStart) refers to printf8.o(i.__0printf$8) for __2printf
    main.o(i.AppTaskStart) refers to wers.o(i.WERS_init) for WERS_init
    main.o(i.AppTaskStart) refers to stm32_eval.o(i.STM_EVAL_LEDToggle) for STM_EVAL_LEDToggle
    main.o(i.ButtonInit) refers to stm32f10x_rcc.o(i.RCC_APB2PeriphClockCmd) for RCC_APB2PeriphClockCmd
    main.o(i.ButtonInit) refers to stm32f10x_gpio.o(i.GPIO_Init) for GPIO_Init
    main.o(i.FSMC_SRAM_Init) refers to stm32f10x_rcc.o(i.RCC_APB2PeriphClockCmd) for RCC_APB2PeriphClockCmd
    main.o(i.FSMC_SRAM_Init) refers to stm32f10x_gpio.o(i.GPIO_Init) for GPIO_Init
    main.o(i.FSMC_SRAM_Init) refers to stm32f10x_fsmc.o(i.FSMC_NORSRAMInit) for FSMC_NORSRAMInit
    main.o(i.FSMC_SRAM_Init) refers to stm32f10x_fsmc.o(i.FSMC_NORSRAMCmd) for FSMC_NORSRAMCmd
    main.o(i.main) refers to os_core.o(i.OSInit) for OSInit
    main.o(i.main) refers to os_task.o(i.OSTaskCreate) for OSTaskCreate
    main.o(i.main) refers to os_task.o(i.OSTaskNameSet) for OSTaskNameSet
    main.o(i.main) refers to os_core.o(i.OSStart) for OSStart
    main.o(i.main) refers to main.o(.bss) for AppTaskStartStk
    main.o(i.main) refers to main.o(i.AppTaskStart) for AppTaskStart
    stm32f10x_it.o(i.EXTI1_IRQHandler) refers to os_cpu_a.o(.text) for OS_CPU_SR_Save
    stm32f10x_it.o(i.EXTI1_IRQHandler) refers to os_core.o(i.OSIntExit) for OSIntExit
    stm32f10x_it.o(i.EXTI1_IRQHandler) refers to os_core.o(.data) for OSIntNesting
    stm32f10x_it.o(i.SysTick_Handler) refers to os_cpu_a.o(.text) for OS_CPU_SR_Save
    stm32f10x_it.o(i.SysTick_Handler) refers to os_core.o(i.OSTimeTick) for OSTimeTick
    stm32f10x_it.o(i.SysTick_Handler) refers to os_core.o(i.OSIntExit) for OSIntExit
    stm32f10x_it.o(i.SysTick_Handler) refers to os_core.o(.data) for OSIntNesting
    dtimer.o(i.CreateTimer) refers to dtimer.o(i.CreateTimerEx) for CreateTimerEx
    dtimer.o(i.CreateTimer) refers to dtimer.o(i.StartTimer) for StartTimer
    dtimer.o(i.CreateTimerEx) refers to dtimer.o(.bss) for g_stimer
    dtimer.o(i.DTimerInit) refers to stm32f10x_rcc.o(i.RCC_APB1PeriphClockCmd) for RCC_APB1PeriphClockCmd
    dtimer.o(i.DTimerInit) refers to misc.o(i.NVIC_Init) for NVIC_Init
    dtimer.o(i.DTimerInit) refers to stm32f10x_tim.o(i.TIM_TimeBaseInit) for TIM_TimeBaseInit
    dtimer.o(i.DTimerInit) refers to stm32f10x_tim.o(i.TIM_OC1Init) for TIM_OC1Init
    dtimer.o(i.DTimerInit) refers to stm32f10x_tim.o(i.TIM_Cmd) for TIM_Cmd
    dtimer.o(i.DTimerInit) refers to stm32f10x_tim.o(i.TIM_ITConfig) for TIM_ITConfig
    dtimer.o(i.DTimerInit) refers to dtimer.o(.bss) for g_stimer
    dtimer.o(i.DeleteTimer) refers to dtimer.o(.bss) for g_stimer
    dtimer.o(i.MsDelay) refers to dtimer.o(.data) for g_msec
    dtimer.o(i.ResetTimer) refers to dtimer.o(.bss) for g_stimer
    dtimer.o(i.StartTimer) refers to dtimer.o(.bss) for g_stimer
    dtimer.o(i.StopTimer) refers to dtimer.o(.bss) for g_stimer
    dtimer.o(i.TIM3_IRQHandler) refers to os_cpu_a.o(.text) for OS_CPU_SR_Save
    dtimer.o(i.TIM3_IRQHandler) refers to os_core.o(i.OSIntExit) for OSIntExit
    dtimer.o(i.TIM3_IRQHandler) refers to os_core.o(.data) for OSIntNesting
    dtimer.o(i.TIM3_IRQHandler) refers to dtimer.o(.data) for g_msec
    dtimer.o(i.TIM3_IRQHandler) refers to dtimer.o(.bss) for g_stimer
    dtimer.o(i.tmrMsTimeGet) refers to dtimer.o(.data) for g_msec
    flash.o(i.Flash_ErasePage) refers to stm32f10x_flash.o(i.FLASH_WaitForLastOperation) for FLASH_WaitForLastOperation
    flash.o(i.Flash_Read) refers to memcpy.o(.text) for memcpy
    flash.o(i.Flash_Write) refers to flash.o(i.fmemcmp) for fmemcmp
    flash.o(i.Flash_Write) refers to memcpy.o(.text) for __aeabi_memcpy
    flash.o(i.Flash_Write) refers to flash.o(i.Flash_ErasePage) for Flash_ErasePage
    flash.o(i.Flash_Write) refers to flash.o(i.Flash_WritePage) for Flash_WritePage
    flash.o(i.Flash_Write) refers to stm32f10x_flash.o(i.FLASH_WaitForLastOperation) for FLASH_WaitForLastOperation
    flash.o(i.Flash_Write) refers to flash.o(.bss) for FLASH_SWAP
[...]
    OSTmrCtr                                 0x20000834   Data           2  os_cpu_c.o(.data)
    .data                                    0x20000838   Section       92  os_core.o(.data)
    .data                                    0x20000894   Section        4  stdout.o(.data)
    .bss                                     0x20000898   Section      416  main.o(.bss)
    .bss                                     0x20000a38   Section       64  dtimer.o(.bss)
    .bss                                     0x20000a78   Section     2048  flash.o(.bss)
    FLASH_SWAP                               0x20000a78   Data        2048  flash.o(.bss)
    .bss                                     0x20001278   Section       16  uart.o(.bss)
    .bss                                     0x20001288   Section       64  mrfi.o(.bss)
    mrfiIncomingPacket                       0x20001288   Data          64  mrfi.o(.bss)
    .bss                                     0x200012c8   Section      388  nwk_frame.o(.bss)
    ComInPackeQ                              0x200012c8   Data         388  nwk_frame.o(.bss)
    .bss                                     0x2000144c   Section    10880  nwk_qmgmt.o(.bss)
    sInFrameQ                                0x2000144c   Data        8704  nwk_qmgmt.o(.bss)
    sOutFrameQ                               0x2000364c   Data        2176  nwk_qmgmt.o(.bss)
    .bss                                     0x20003ecc   Section       12  nwk_join.o(.bss)
    sSandFClients                            0x20003ecc   Data          12  nwk_join.o(.bss)
    .bss                                     0x20003ed8   Section      128  nwk_link.o(.bss)
    .bss                                     0x20003f58   Section    10792  wers.o(.bss)
    ls_data                                  0x20003f58   Data          37  wers.o(.bss)
    WERSQueBuf                               0x20003f80   Data         128  wers.o(.bss)
    TransactionQue                           0x20004000   Data         800  wers.o(.bss)
    g_485InQueBuf                            0x20004320   Data         128  wers.o(.bss)
    RTSQueBuf                                0x200043a0   Data         128  wers.o(.bss)
    sLID                                     0x20004420   Data         128  wers.o(.bss)
    sGUIDMaps                                0x20006880   Data         256  wers.o(.bss)
    .bss                                     0x20006980   Section     4108  rf_mem.o(.bss)
    rf_ram                                   0x20006980   Data        4108  rf_mem.o(.bss)
    .bss                                     0x2000798c   Section     6568  os_core.o(.bss)
    STACK                                    0x20009338   Section      256  startup_stm32f10x_hd.o(STACK)
    __initial_spTop                          0x20009438   Data           0  startup_stm32f10x_hd.o(STACK)

    Global Symbols

    Symbol Name                              Value     Ov Type        Size  Object(Section)

    BuildAttributes$$THM_ISAv4$P$D$K$B$S$PE$A:L22UL41UL21$X:L11$S22US41US21$IEEE1$IW$USESV6$~STKCKD$USESV7$~SHL$OSPACE$ROPI$EBA8$MICROLIB$REQ8$PRES8$EABIv2 0x00000000   Number         0  anon$$obj.o ABSOLUTE
    __ARM_use_no_argv                        0x00000000   Number         0  main.o ABSOLUTE
    _printf_a                                0x00000000   Number         0  stubs.o ABSOLUTE
    _printf_c                                0x00000000   Number         0  stubs.o ABSOLUTE
    _printf_charcount                        0x00000000   Number         0  stubs.o ABSOLUTE
    _printf_d                                0x00000000   Number         0  stubs.o ABSOLUTE
    _printf_e                                0x00000000   Number         0  stubs.o ABSOLUTE
    _printf_f                                0x00000000   Number         0  stubs.o ABSOLUTE
    _printf_flags                            0x00000000   Number         0  stubs.o ABSOLUTE
    _printf_fp_dec                           0x00000000   Number         0  stubs.o ABSOLUTE
    _printf_fp_hex                           0x00000000   Number         0  stubs.o ABSOLUTE
    _printf_g                                0x00000000   Number         0  stubs.o ABSOLUTE
    _printf_i                                0x00000000   Number         0  stubs.o ABSOLUTE
    _printf_int_dec                          0x00000000   Number         0  stubs.o ABSOLUTE
    _printf_l                                0x00000000   Number         0  stubs.o ABSOLUTE
    _printf_lc                               0x00000000   Number         0  stubs.o ABSOLUTE
    _printf_ll                               0x00000000   Number         0  stubs.o ABSOLUTE
    _printf_lld                              0x00000000   Number         0  stubs.o ABSOLUTE
    _printf_lli                              0x00000000   Number         0  stubs.o ABSOLUTE
    _printf_llo                              0x00000000   Number         0  stubs.o ABSOLUTE
    _printf_llu                              0x00000000   Number         0  stubs.o ABSOLUTE
    _printf_llx                              0x00000000   Number         0  stubs.o ABSOLUTE
    _printf_longlong_dec                     0x00000000   Number         0  stubs.o ABSOLUTE
    _printf_longlong_hex                     0x00000000   Number         0  stubs.o ABSOLUTE
    _printf_longlong_oct                     0x00000000   Number         0  stubs.o ABSOLUTE
    _printf_ls                               0x00000000   Number         0  stubs.o ABSOLUTE
    _printf_mbtowc                           0x00000000   Number         0  stubs.o ABSOLUTE
    _printf_n                                0x00000000   Number         0  stubs.o ABSOLUTE
    _printf_o                                0x00000000   Number         0  stubs.o ABSOLUTE
    _printf_p                                0x00000000   Number         0  stubs.o ABSOLUTE
    _printf_percent                          0x00000000   Number         0  stubs.o ABSOLUTE
    _printf_pre_padding                      0x00000000   Number         0  stubs.o ABSOLUTE
    _printf_return_value                     0x00000000   Number         0  stubs.o ABSOLUTE
    _printf_s                                0x00000000   Number         0  stubs.o ABSOLUTE
    _printf_sizespec                         0x00000000   Number         0  stubs.o ABSOLUTE
    _printf_str                              0x00000000   Number         0  stubs.o ABSOLUTE
    _printf_truncate_signed                  0x00000000   Number         0  stubs.o ABSOLUTE
    _printf_truncate_unsigned                0x00000000   Number         0  stubs.o ABSOLUTE
    _printf_u                                0x00000000   Number         0  stubs.o ABSOLUTE
    _printf_wc                               0x00000000   Number         0  stubs.o ABSOLUTE
    _printf_wctomb                           0x00000000   Number         0  stubs.o ABSOLUTE
    _printf_widthprec                        0x00000000   Number         0  stubs.o ABSOLUTE
    _printf_x                                0x00000000   Number         0  stubs.o ABSOLUTE
    _clock_init                               - Undefined Weak Reference
    __Vectors_Size                           0x00000130   Number         0  startup_stm32f10x_hd.o ABSOLUTE
    __Vectors                                0x08000000   Data           4  startup_stm32f10x_hd.o(RESET)
    __Vectors_End                            0x08000130   Data           0  startup_stm32f10x_hd.o(RESET)
    __main                                   0x08000131   Thumb Code     0  entry.o(.ARM.Collect$$$$00000000)
    _main_stk                                0x08000131   Thumb Code     0  entry2.o(.ARM.Collect$$$$00000001)
    _main_scatterload                        0x08000135   Thumb Code     0  entry5.o(.ARM.Collect$$$$00000004)
    __main_after_scatterload                 0x08000139   Thumb Code     0  entry5.o(.ARM.Collect$$$$00000004)
    _main_clock                              0x08000139   Thumb Code     0  entry7b.o(.ARM.Collect$$$$00000008)
    _main_init                               0x08000139   Thumb Code     0  entry8.o(.ARM.Collect$$$$00000009)
    SystemReset                              0x08000145   Thumb Code    16  main.o(.emb_text)
    SystemInit_ExtMemCtl                     0x0800015d   Thumb Code     2  startup_stm32f10x_hd.o(.text)
    Reset_Handler                            0x0800015f   Thumb Code    14  startup_stm32f10x_hd.o(.text)
    ADC1_2_IRQHandler                        0x0800017f   Thumb Code     0  startup_stm32f10x_hd.o(.text)
    ADC3_IRQHandler                          0x0800017f   Thumb Code     0  startup_stm32f10x_hd.o(.text)
    CAN1_RX1_IRQHandler                      0x0800017f   Thumb Code     0  startup_stm32f10x_hd.o(.text)
    CAN1_SCE_IRQHandler                      0x0800017f   Thumb Code     0  startup_stm32f10x_hd.o(.text)
    DMA1_Channel1_IRQHandler                 0x0800017f   Thumb Code     0  startup_stm32f10x_hd.o(.text)
    DMA1_Channel2_IRQHandler                 0x0800017f   Thumb Code     0  startup_stm32f10x_hd.o(.text)
    DMA1_Channel3_IRQHandler                 0x0800017f   Thumb Code     0  startup_stm32f10x_hd.o(.text)
    DMA1_Channel4_IRQHandler                 0x0800017f   Thumb Code     0  startup_stm32f10x_hd.o(.text)
    DMA1_Channel5_IRQHandler                 0x0800017f   Thumb Code     0  startup_stm32f10x_hd.o(.text)
    DMA1_Channel6_IRQHandler                 0x0800017f   Thumb Code     0  startup_stm32f10x_hd.o(.text)
    DMA1_Channel7_IRQHandler                 0x0800017f   Thumb Code     0  startup_stm32f10x_hd.o(.text)
    DMA2_Channel1_IRQHandler                 0x0800017f   Thumb Code     0  startup_stm32f10x_hd.o(.text)
    DMA2_Channel2_IRQHandler                 0x0800017f   Thumb Code     0  startup_stm32f10x_hd.o(.text)
    DMA2_Channel3_IRQHandler                 0x0800017f   Thumb Code     0  startup_stm32f10x_hd.o(.text)
    DMA2_Channel4_5_IRQHandler               0x0800017f   Thumb Code     0  startup_stm32f10x_hd.o(.text)
    EXTI15_10_IRQHandler                     0x0800017f   Thumb Code     0  startup_stm32f10x_hd.o(.text)
    EXTI2_IRQHandler                         0x0800017f   Thumb Code     0  startup_stm32f10x_hd.o(.text)
    EXTI3_IRQHandler                         0x0800017f   Thumb Code     0  startup_stm32f10x_hd.o(.text)
    EXTI4_IRQHandler                         0x0800017f   Thumb Code     0  startup_stm32f10x_hd.o(.text)
    EXTI9_5_IRQHandler                       0x0800017f   Thumb Code     0  startup_stm32f10x_hd.o(.text)
    FLASH_IRQHandler                         0x0800017f   Thumb Code     0  startup_stm32f10x_hd.o(.text)
    FSMC_IRQHandler                          0x0800017f   Thumb Code     0  startup_stm32f10x_hd.o(.text)
    I2C1_ER_IRQHandler                       0x0800017f   Thumb Code     0  startup_stm32f10x_hd.o(.text)
    I2C1_EV_IRQHandler                       0x0800017f   Thumb Code     0  startup_stm32f10x_hd.o(.text)
    I2C2_ER_IRQHandler                       0x0800017f   Thumb Code     0  startup_stm32f10x_hd.o(.text)
    I2C2_EV_IRQHandler                       0x0800017f   Thumb Code     0  startup_stm32f10x_hd.o(.text)
    PVD_IRQHandler                           0x0800017f   Thumb Code     0  startup_stm32f10x_hd.o(.text)
    RCC_IRQHandler                           0x0800017f   Thumb Code     0  startup_stm32f10x_hd.o(.text)
    RTCAlarm_IRQHandler                      0x0800017f   Thumb Code     0  startup_stm32f10x_hd.o(.text)
    RTC_IRQHandler                           0x0800017f   Thumb Code     0  startup_stm32f10x_hd.o(.text)
    SDIO_IRQHandler                          0x0800017f   Thumb Code     0  startup_stm32f10x_hd.o(.text)
    SPI1_IRQHandler                          0x0800017f   Thumb Code     0  startup_stm32f10x_hd.o(.text)
    SPI2_IRQHandler                          0x0800017f   Thumb Code     0  startup_stm32f10x_hd.o(.text)
    SPI3_IRQHandler                          0x0800017f   Thumb Code     0  startup_stm32f10x_hd.o(.text)
    TAMPER_IRQHandler                        0x0800017f   Thumb Code     0  startup_stm32f10x_hd.o(.text)
    TIM1_BRK_IRQHandler                      0x0800017f   Thumb Code     0  startup_stm32f10x_hd.o(.text)
    TIM1_CC_IRQHandler                       0x0800017f   Thumb Code     0  startup_stm32f10x_hd.o(.text)
    TIM1_TRG_COM_IRQHandler                  0x0800017f   Thumb Code     0  startup_stm32f10x_hd.o(.text)
    TIM1_UP_IRQHandler                       0x0800017f   Thumb Code     0  startup_stm32f10x_hd.o(.text)
    TIM2_IRQHandler                          0x0800017f   Thumb Code     0  startup_stm32f10x_hd.o(.text)
    TIM4_IRQHandler                          0x0800017f   Thumb Code     0  startup_stm32f10x_hd.o(.text)
    TIM5_IRQHandler                          0x0800017f   Thumb Code     0  startup_stm32f10x_hd.o(.text)
    TIM6_IRQHandler                          0x0800017f   Thumb Code     0  startup_stm32f10x_hd.o(.text)
    TIM7_IRQHandler                          0x0800017f   Thumb Code     0  startup_stm32f10x_hd.o(.text)
    TIM8_BRK_IRQHandler                      0x0800017f   Thumb Code     0  startup_stm32f10x_hd.o(.text)
    TIM8_CC_IRQHandler                       0x0800017f   Thumb Code     0  startup_stm32f10x_hd.o(.text)
    TIM8_TRG_COM_IRQHandler                  0x0800017f   Thumb Code     0  startup_stm32f10x_hd.o(.text)
    TIM8_UP_IRQHandler                       0x0800017f   Thumb Code     0  startup_stm32f10x_hd.o(.text)
    UART4_IRQHandler                         0x0800017f   Thumb Code     0  startup_stm32f10x_hd.o(.text)
    UART5_IRQHandler                         0x0800017f   Thumb Code     0  startup_stm32f10x_hd.o(.text)
    USART2_IRQHandler                        0x0800017f   Thumb Code     0  startup_stm32f10x_hd.o(.text)
    USART3_IRQHandler                        0x0800017f   Thumb Code     0  startup_stm32f10x_hd.o(.text)
    USBWakeUp_IRQHandler                     0x0800017f   Thumb Code     0  startup_stm32f10x_hd.o(.text)
    USB_HP_CAN1_TX_IRQHandler                0x0800017f   Thumb Code     0  startup_stm32f10x_hd.o(.text)
    USB_LP_CAN1_RX0_IRQHandler               0x0800017f   Thumb Code     0  startup_stm32f10x_hd.o(.text)
    WWDG_IRQHandler                          0x0800017f   Thumb Code     0  startup_stm32f10x_hd.o(.text)
    OS_CPU_SR_Save                           0x0800018d   Thumb Code     0  os_cpu_a.o(.text)
    OS_CPU_SR_Restore                        0x08000195   Thumb Code     0  os_cpu_a.o(.text)
    OSStartHighRdy                           0x0800019b   Thumb Code     0  os_cpu_a.o(.text)
    OSCtxSw                                  0x080001bb   Thumb Code     0  os_cpu_a.o(.text)
    OSIntCtxSw                               0x080001c9   Thumb Code     0  os_cpu_a.o(.text)
    OSPendSV                                 0x080001d7   Thumb Code     0  os_cpu_a.o(.text)
    ___aeabi_memcpy8$ret                     0x0800023d   Thumb Code     0  memcpy.o(.text)
    __aeabi_memcpy                           0x0800023d   Thumb Code    40  memcpy.o(.text)
    __aeabi_memcpy4                          0x0800023d   Thumb Code     0  memcpy.o(.text)
    memcpy                                   0x0800023d   Thumb Code     0  memcpy.o(.text)
    __aeabi_memset                           0x08000265   Thumb Code    14  memseta.o(.text)
    __aeabi_memset4                          0x08000265   Thumb Code     0  memseta.o(.text)
    __aeabi_memset8                          0x08000265   Thumb Code     0  memseta.o(.text)
    __aeabi_memclr                           0x08000273   Thumb Code     4  memseta.o(.text)
    __aeabi_memclr4                          0x08000273   Thumb Code     0  memseta.o(.text)
    __aeabi_memclr8                          0x08000273   Thumb Code     0  memseta.o(.text)
    _memset$wrapper                          0x08000277   Thumb Code    20  memseta.o(.text)
    memcmp                                   0x0800028b   Thumb Code    26  memcmp.o(.text)
    __aeabi_uldivmod                         0x080002a5   Thumb Code    98  uldiv.o(.text)
    __scatterload                            0x08000309   Thumb Code    28  init.o(.text)
    __scatterload_rt2                        0x08000309   Thumb Code     0  init.o(.text)
    __aeabi_llsl                             0x0800032d   Thumb Code    30  llshl.o(.text)
    _ll_shift_l                              0x0800032d   Thumb Code     0  llshl.o(.text)
    __aeabi_llsr                             0x0800034b   Thumb Code    32  llushr.o(.text)
    _ll_ushift_r                             0x0800034b   Thumb Code     0  llushr.o(.text)
    __decompress                             0x0800036b   Thumb Code     0  __dczerorl2.o(.text)
    __decompress1                            0x0800036b   Thumb Code    92  __dczerorl2.o(.text)
    AddNewTransactionToQue                   0x080003c9   Thumb Code   132  wers.o(i.AddNewTransactionToQue)
    BSP_InitForCC1100                        0x08000541   Thumb Code   172  bsp.o(i.BSP_InitForCC1100)
    BusFault_Handler                         0x08000679   Thumb Code     4  stm32f10x_it.o(i.BusFault_Handler)
    ButtonInit                               0x0800067d   Thumb Code    42  main.o(i.ButtonInit)
    CreateTimerEx                            0x080006e9   Thumb Code    88  dtimer.o(i.CreateTimerEx)
    DTimerInit                               0x08000745   Thumb Code   194  dtimer.o(i.DTimerInit)
    DebugMon_Handler                         0x08000819   Thumb Code     2  stm32f10x_it.o(i.DebugMon_Handler)
    DeleteTimer                              0x0800081d   Thumb Code    16  dtimer.o(i.DeleteTimer)
    EXTI0_IRQHandler                         0x08000831   Thumb Code    94  bsp.o(i.EXTI0_IRQHandler)
    EXTI1_IRQHandler                         0x0800089d   Thumb Code    86  stm32f10x_it.o(i.EXTI1_IRQHandler)
    EXTI_ClearITPendingBit                   0x08000901   Thumb Code     6  stm32f10x_exti.o(i.EXTI_ClearITPendingBit)
    EXTI_GetITStatus                         0x0800090d   Thumb Code    34  stm32f10x_exti.o(i.EXTI_GetITStatus)
    EXTI_Init                                0x08000935   Thumb Code   142  stm32f10x_exti.o(i.EXTI_Init)
    FLASH_GetStatus                          0x080009c9   Thumb Code    50  stm32f10x_flash.o(i.FLASH_GetStatus)
    FLASH_WaitForLastOperation               0x08000a01   Thumb Code    42  stm32f10x_flash.o(i.FLASH_WaitForLastOperation)
    Flash_Read                               0x08000a85   Thumb Code    22  flash.o(i.Flash_Read)
    Flash_Write                              0x08000aa1   Thumb Code   720  flash.o(i.Flash_Write)
    GPIO_EXTILineConfig                      0x08000e11   Thumb Code    60  stm32f10x_gpio.o(i.GPIO_EXTILineConfig)
    GPIO_Init                                0x08000e51   Thumb Code   274  stm32f10x_gpio.o(i.GPIO_Init)
    HardFault_Handler                        0x08000f63   Thumb Code     4  stm32f10x_it.o(i.HardFault_Handler)
    IWDG_Enable                              0x08000f69   Thumb Code    10  stm32f10x_iwdg.o(i.IWDG_Enable)
    IWDG_ReloadCounter                       0x08000f79   Thumb Code    10  stm32f10x_iwdg.o(i.IWDG_ReloadCounter)
    IWDG_SetPrescaler                        0x08000f89   Thumb Code     6  stm32f10x_iwdg.o(i.IWDG_SetPrescaler)
    IWDG_SetReload                           0x08000f95   Thumb Code     6  stm32f10x_iwdg.o(i.IWDG_SetReload)
    IWDG_WriteAccessCmd                      0x08000fa1   Thumb Code     6  stm32f10x_iwdg.o(i.IWDG_WriteAccessCmd)
    MILD_max                                 0x08000fad   Thumb Code    28  wers.o(i.MILD_max)
    MILD_min                                 0x08000fcd   Thumb Code    34  wers.o(i.MILD_min)
    MRFI_CheckSameSystemID                   0x08000ff5   Thumb Code    34  mrfi.o(i.MRFI_CheckSameSystemID)
    MRFI_DelayMs                             0x0800101d   Thumb Code    12  mrfi.o(i.MRFI_DelayMs)
    MRFI_EnableRxAddrFilter                  0x08001029   Thumb Code    42  mrfi.o(i.MRFI_EnableRxAddrFilter)
    MRFI_GetRadioState                       0x0800107d   Thumb Code     6  mrfi.o(i.MRFI_GetRadioState)
    MRFI_GpioIsr                             0x08001089   Thumb Code    40  mrfi.o(i.MRFI_GpioIsr)
    MRFI_Init                                0x080010b9   Thumb Code   518  mrfi.o(i.MRFI_Init)
    MRFI_RandomByte                          0x0800134d   Thumb Code    20  mrfi.o(i.MRFI_RandomByte)
    MRFI_Receive                             0x08001365   Thumb Code    16  mrfi.o(i.MRFI_Receive)
    MRFI_Rssi                                0x08001379   Thumb Code    86  mrfi.o(i.MRFI_Rssi)
    MRFI_RxAddrIsFiltered                    0x080013f1   Thumb Code    72  mrfi.o(i.MRFI_RxAddrIsFiltered)
    MRFI_RxCompleteISR                       0x08001445   Thumb Code    34  nwk_frame.o(i.MRFI_RxCompleteISR)
    MRFI_RxIdle                              0x08001491   Thumb Code    52  mrfi.o(i.MRFI_RxIdle)
    MRFI_RxOn                                0x080014e5   Thumb Code    52  mrfi.o(i.MRFI_RxOn)
    MRFI_SetLogicalChannel                   0x08001539   Thumb Code    56  mrfi.o(i.MRFI_SetLogicalChannel)
    MRFI_SetRxAddrFilter                     0x08001595   Thumb Code    48  mrfi.o(i.MRFI_SetRxAddrFilter)
    MRFI_Sleep                               0x080015e5   Thumb Code    40  mrfi.o(i.MRFI_Sleep)
    MRFI_Transmit                            0x08001611   Thumb Code   356  mrfi.o(i.MRFI_Transmit)
    MRFI_WakeUp                              0x080017a5   Thumb Code    92  mrfi.o(i.MRFI_WakeUp)
    MemManage_Handler                        0x0800180d   Thumb Code     4  stm32f10x_it.o(i.MemManage_Handler)
    NMI_Handler                              0x08001a2d   Thumb Code     4  stm32f10x_it.o(i.NMI_Handler)
    NVIC_Init                                0x08001a31   Thumb Code   102  misc.o(i.NVIC_Init)
    OSEventNameSet                           0x08001aa5   Thumb Code   140  os_core.o(i.OSEventNameSet)
    OSInit                                   0x08001b35   Thumb Code    52  os_core.o(i.OSInit)
    OSInitHookBegin                          0x08001b69   Thumb Code     8  os_cpu_c.o(i.OSInitHookBegin)
    OSInitHookEnd                            0x08001b75   Thumb Code     2  os_cpu_c.o(i.OSInitHookEnd)
    OSIntExit                                0x08001b79   Thumb Code   146  os_core.o(i.OSIntExit)
    OSQAccept                                0x08001c59   Thumb Code   106  os_q.o(i.OSQAccept)
    OSQCreate                                0x08001cc5   Thumb Code   150  os_q.o(i.OSQCreate)
    OSQPend                                  0x08001d69   Thumb Code   296  os_q.o(i.OSQPend)
    OSQPost                                  0x08001e9d   Thumb Code   120  os_q.o(i.OSQPost)
    OSSemCreate                              0x08001f15   Thumb Code    78  os_sem.o(i.OSSemCreate)
    OSSemPend                                0x08001f6d   Thumb Code   234  os_sem.o(i.OSSemPend)
    OSSemPost                                0x08002065   Thumb Code    94  os_sem.o(i.OSSemPost)
    OSStart                                  0x080020c5   Thumb Code    48  os_core.o(i.OSStart)
    OSStatInit                               0x0800210d   Thumb Code    62  os_core.o(i.OSStatInit)
    OSTCBInitHook                            0x08002159   Thumb Code     2  os_cpu_c.o(i.OSTCBInitHook)
    OSTaskCreate                             0x0800215d   Thumb Code   158  os_task.o(i.OSTaskCreate)
    OSTaskCreateExt                          0x08002209   Thumb Code   180  os_task.o(i.OSTaskCreateExt)
    OSTaskCreateHook                         0x080022c9   Thumb Code     2  os_cpu_c.o(i.OSTaskCreateHook)
    OSTaskIdleHook                           0x080022cb   Thumb Code     2  os_cpu_c.o(i.OSTaskIdleHook)
    OSTaskNameSet                            0x080022cd   Thumb Code   160  os_task.o(i.OSTaskNameSet)
    OSTaskStatHook                           0x08002379   Thumb Code     2  os_cpu_c.o(i.OSTaskStatHook)
    OSTaskStkChk                             0x0800237d   Thumb Code   150  os_task.o(i.OSTaskStkChk)
    OSTaskStkInit                            0x0800241d   Thumb Code   154  os_cpu_c.o(i.OSTaskStkInit)
    OSTaskSwHook                             0x080024b7   Thumb Code     2  os_cpu_c.o(i.OSTaskSwHook)
    OSTimeDly                                0x080024b9   Thumb Code    96  os_time.o(i.OSTimeDly)
    OSTimeTick                               0x08002529   Thumb Code   220  os_core.o(i.OSTimeTick)
    OSTimeTickHook                           0x0800261d   Thumb Code    30  os_cpu_c.o(i.OSTimeTickHook)
    OSTmrSignal                              0x08002641   Thumb Code    16  os_tmr.o(i.OSTmrSignal)
    OSTmr_Init                               0x08002655   Thumb Code   162  os_tmr.o(i.OSTmr_Init)
    OS_EventTOAbort                          0x080028cd   Thumb Code    76  os_core.o(i.OS_EventTOAbort)
    OS_EventTaskRdy                          0x0800291d   Thumb Code   202  os_core.o(i.OS_EventTaskRdy)
    OS_EventTaskWait                         0x080029f9   Thumb Code   112  os_core.o(i.OS_EventTaskWait)
    OS_EventWaitListInit                     0x08002a75   Thumb Code    28  os_core.o(i.OS_EventWaitListInit)
    OS_FlagInit                              0x08002a91   Thumb Code    68  os_flag.o(i.OS_FlagInit)
    OS_MemClr                                0x08002cc9   Thumb Code    18  os_core.o(i.OS_MemClr)
    OS_MemInit                               0x08002cdd   Thumb Code    68  os_mem.o(i.OS_MemInit)
    OS_QInit                                 0x08002d29   Thumb Code    48  os_q.o(i.OS_QInit)
    OS_Sched                                 0x08002d61   Thumb Code   120  os_core.o(i.OS_Sched)
    OS_StrCopy                               0x08002e4d   Thumb Code    28  os_core.o(i.OS_StrCopy)
    OS_StrLen                                0x08002e69   Thumb Code    20  os_core.o(i.OS_StrLen)
    OS_TCBInit                               0x08002e7d   Thumb Code   276  os_core.o(i.OS_TCBInit)
    OS_TaskIdle                              0x08002fa9   Thumb Code    32  os_core.o(i.OS_TaskIdle)
    OS_TaskStat                              0x08002fcd   Thumb Code   124  os_core.o(i.OS_TaskStat)
    OS_TaskStatStkChk                        0x0800305d   Thumb Code    54  os_core.o(i.OS_TaskStatStkChk)
    OS_TaskStkClr                            0x08003099   Thumb Code    26  os_task.o(i.OS_TaskStkClr)
    PendTransactionToQue                     0x080030b3   Thumb Code   248  wers.o(i.PendTransactionToQue)
    RCC_APB1PeriphClockCmd                   0x080031ad   Thumb Code    26  stm32f10x_rcc.o(i.RCC_APB1PeriphClockCmd)
    RCC_APB2PeriphClockCmd                   0x080031cd   Thumb Code    26  stm32f10x_rcc.o(i.RCC_APB2PeriphClockCmd)
    RCC_GetClocksFreq                        0x080031ed   Thumb Code   192  stm32f10x_rcc.o(i.RCC_GetClocksFreq)
    RFMacSemPend                             0x080032c1   Thumb Code    86  wers.o(i.RFMacSemPend)
    RF_SendRTS                               0x08003321   Thumb Code   142  wers.o(i.RF_SendRTS)
    RegMrfiIsr                               0x080033b1   Thumb Code    22  bsp.o(i.RegMrfiIsr)
    ResetReceive                             0x080033cd   Thumb Code    48  mrfi.o(i.ResetReceive)
    SMPL_Init                                0x080033fd   Thumb Code    70  nwk_api.o(i.SMPL_Init)
    SMPL_Ioctl                               0x08003449   Thumb Code   154  nwk_api.o(i.SMPL_Ioctl)
    SMPL_Link                                0x080034e3   Thumb Code    12  nwk_api.o(i.SMPL_Link)
    SMPL_LinkClose                           0x080034ef   Thumb Code    14  nwk_api.o(i.SMPL_LinkClose)
    SMPL_LinkListen                          0x080034fd   Thumb Code    22  nwk_api.o(i.SMPL_LinkListen)
    SMPL_Ping                                0x08003513   Thumb Code    12  nwk_api.o(i.SMPL_Ping)
    SMPL_Receive                             0x0800351f   Thumb Code    72  nwk_api.o(i.SMPL_Receive)
    SMPL_Reset                               0x08003569   Thumb Code    18  nwk_api.o(i.SMPL_Reset)
    SMPL_Send                                0x08003581   Thumb Code   112  nwk_api.o(i.SMPL_Send)
    SMPL_SendEx                              0x080035f1   Thumb Code   102  wers.o(i.SMPL_SendEx)
    SPI_CC1100_Init                          0x0800365d   Thumb Code   140  spi_cc1100.o(i.SPI_CC1100_Init)
    SPI_Cmd                                  0x080036f5   Thumb Code    24  stm32f10x_spi.o(i.SPI_Cmd)
    SPI_Init                                 0x0800370d   Thumb Code    60  stm32f10x_spi.o(i.SPI_Init)
    SPI_RxTxByte                             0x08003749   Thumb Code    38  spi_cc1100.o(i.SPI_RxTxByte)
    STM_EVAL_COMInit                         0x08003775   Thumb Code   138  stm32_eval.o(i.STM_EVAL_COMInit)
    STM_EVAL_LEDInit                         0x08003819   Thumb Code    58  stm32_eval.o(i.STM_EVAL_LEDInit)
    STM_EVAL_LEDOff                          0x08003861   Thumb Code    30  stm32_eval.o(i.STM_EVAL_LEDOff)
    STM_EVAL_LEDOn                           0x08003889   Thumb Code    16  stm32_eval.o(i.STM_EVAL_LEDOn)
    STM_EVAL_LEDSet                          0x080038a1   Thumb Code    64  stm32_eval.o(i.STM_EVAL_LEDSet)
    STM_EVAL_LEDToggle                       0x080038e9   Thumb Code    26  stm32_eval.o(i.STM_EVAL_LEDToggle)
    SVC_Handler                              0x0800390d   Thumb Code     2  stm32f10x_it.o(i.SVC_Handler)
    SearchTransactionGUID                    0x0800390f   Thumb Code    68  wers.o(i.SearchTransactionGUID)
    SendDataToPC                             0x08003955   Thumb Code    48  wers.o(i.SendDataToPC)
    StartTimer                               0x08003a61   Thumb Code    16  dtimer.o(i.StartTimer)
    SysTick_Handler                          0x08003a75   Thumb Code    34  stm32f10x_it.o(i.SysTick_Handler)
    SystemInit                               0x08003a9d   Thumb Code   148  system_stm32f10x.o(i.SystemInit)
    TIM3_IRQHandler                          0x08003b49   Thumb Code   186  dtimer.o(i.TIM3_IRQHandler)
    TIM_Cmd                                  0x08003c15   Thumb Code    24  stm32f10x_tim.o(i.TIM_Cmd)
    TIM_ITConfig                             0x08003c2d   Thumb Code    24  stm32f10x_tim.o(i.TIM_ITConfig)
    TIM_OC1Init                              0x08003c45   Thumb Code   110  stm32f10x_tim.o(i.TIM_OC1Init)
    TIM_TimeBaseInit                         0x08003cbd   Thumb Code    50  stm32f10x_tim.o(i.TIM_TimeBaseInit)
    USART1_IRQHandler                        0x08003cf9   Thumb Code    50  bsp.o(i.USART1_IRQHandler)
    USART_Cmd                                0x08003d35   Thumb Code    24  stm32f10x_usart.o(i.USART_Cmd)
    USART_GetFlagStatus                      0x08003d4d   Thumb Code    26  stm32f10x_usart.o(i.USART_GetFlagStatus)
    USART_ITConfig                           0x08003d67   Thumb Code    74  stm32f10x_usart.o(i.USART_ITConfig)
    USART_Init                               0x08003db1   Thumb Code   156  stm32f10x_usart.o(i.USART_Init)
    USART_SendData                           0x08003e51   Thumb Code     8  stm32f10x_usart.o(i.USART_SendData)
    UsageFault_Handler                       0x08003e59   Thumb Code     4  stm32f10x_it.o(i.UsageFault_Handler)
    WERS485RecevieTask                       0x08003e5d   Thumb Code    82  wers.o(i.WERS485RecevieTask)
    WERS485Send                              0x08003eb5   Thumb Code    90  wers.o(i.WERS485Send)
    WERSAPCmd                                0x08003f11   Thumb Code   438  wers.o(i.WERSAPCmd)
    WERSExTask                               0x080040e9   Thumb Code   902  wers.o(i.WERSExTask)
    WERSGenerate_RF_GUID                     0x080045a5   Thumb Code     8  wers.o(i.WERSGenerate_RF_GUID)
    WERSGetDeviceAddress                     0x080045ad   Thumb Code    18  wers.o(i.WERSGetDeviceAddress)
    WERSMsTimeGet                            0x080045c1   Thumb Code    20  wers.o(i.WERSMsTimeGet)
    WERSMsTimeSet                            0x080045dd   Thumb Code    22  wers.o(i.WERSMsTimeSet)
    WERSPCDataProcess                        0x080045fd   Thumb Code   214  wers.o(i.WERSPCDataProcess)
    WERSPCPridge                             0x080046d5   Thumb Code   334  wers.o(i.WERSPCPridge)
    WERSRFReceiverTask                       0x080048d1   Thumb Code   154  wers.o(i.WERSRFReceiverTask)
    WERSResponseCTS                          0x080049cd   Thumb Code    68  wers.o(i.WERSResponseCTS)
    WERSSendDataAck                          0x08004a11   Thumb Code   112  wers.o(i.WERSSendDataAck)
    WERSSetDeviceAddress                     0x08004a81   Thumb Code    18  wers.o(i.WERSSetDeviceAddress)
    WERSTimerISR                             0x08004a95   Thumb Code    32  wers.o(i.WERSTimerISR)
    WERS_RandomDelay                         0x08004c0d   Thumb Code    58  wers.o(i.WERS_RandomDelay)
    WERS_Transmit                            0x08004c49   Thumb Code   380  wers.o(i.WERS_Transmit)
    WERS_init                                0x08004dd5   Thumb Code    20  wers.o(i.WERS_init)
    WatchDogInit                             0x08004e41   Thumb Code    70  rf_wd.o(i.WatchDogInit)
    __0printf$8                              0x08004e91   Thumb Code    22  printf8.o(i.__0printf$8)
    __1printf$8                              0x08004e91   Thumb Code     0  printf8.o(i.__0printf$8)
    __2printf                                0x08004e91   Thumb Code     0  printf8.o(i.__0printf$8)
    __scatterload_copy                       0x08004eb1   Thumb Code    14  handlers.o(i.__scatterload_copy)
    __scatterload_null                       0x08004ebf   Thumb Code     2  handlers.o(i.__scatterload_null)
    __scatterload_zeroinit                   0x08004ec1   Thumb Code    14  handlers.o(i.__scatterload_zeroinit)
    broadcast_nwk_reset                      0x08005349   Thumb Code    60  nwk_mgmt.o(i.broadcast_nwk_reset)
    broadcast_nwk_search_server              0x0800538d   Thumb Code    60  nwk_mgmt.o(i.broadcast_nwk_search_server)
    cal_crc                                  0x080053d1   Thumb Code    62  wers.o(i.cal_crc)
    fmemcmp                                  0x0800557d   Thumb Code    52  flash.o(i.fmemcmp)
    fputc                                    0x080055b1   Thumb Code    58  uart.o(i.fputc)
    init_485_uart                            0x08005601   Thumb Code    76  uart.o(i.init_485_uart)
    init_dbguart                             0x08005655   Thumb Code    32  uart.o(i.init_dbguart)
    isDupSandFFrame                          0x080056b9   Thumb Code   116  nwk_frame.o(i.isDupSandFFrame)
    mDelay                                   0x0800572d   Thumb Code    34  dtimer.o(i.mDelay)
    main                                     0x08005755   Thumb Code    36  main.o(i.main)
    mrfiSpiCmdStrobe                         0x080057bd   Thumb Code    68  mrfi.o(i.mrfiSpiCmdStrobe)
    mrfiSpiInit                              0x08005809   Thumb Code    14  mrfi.o(i.mrfiSpiInit)
    mrfiSpiReadReg                           0x0800581d   Thumb Code    16  mrfi.o(i.mrfiSpiReadReg)
    mrfiSpiReadRxFifo                        0x0800582d   Thumb Code    18  mrfi.o(i.mrfiSpiReadRxFifo)
    mrfiSpiWriteReg                          0x0800583f   Thumb Code    16  mrfi.o(i.mrfiSpiWriteReg)
    mrfiSpiWriteTxFifo                       0x0800584f   Thumb Code    18  mrfi.o(i.mrfiSpiWriteTxFifo)
    mrfi_delay                               0x08005861   Thumb Code    10  mrfi.o(i.mrfi_delay)
    nwk_CTS_process                          0x0800586d   Thumb Code   152  nwk_mgmt.o(i.nwk_CTS_process)
    nwk_DS_process                           0x08005909   Thumb Code    40  nwk_mgmt.o(i.nwk_DS_process)
    nwk_Data_Ack_process                     0x08005935   Thumb Code    64  nwk_mgmt.o(i.nwk_Data_Ack_process)
    nwk_QInit                                0x08005979   Thumb Code    24  nwk_qmgmt.o(i.nwk_QInit)
    nwk_QadjustOrder                         0x08005999   Thumb Code    70  nwk_qmgmt.o(i.nwk_QadjustOrder)
    nwk_QfindOldest                          0x080059e5   Thumb Code   320  nwk_qmgmt.o(i.nwk_QfindOldest)
    nwk_QfindSlot                            0x08005b29   Thumb Code   152  nwk_qmgmt.o(i.nwk_QfindSlot)
    nwk_RTS_process                          0x08005bc9   Thumb Code    92  nwk_mgmt.o(i.nwk_RTS_process)
    nwk_ResetSet                             0x08005c29   Thumb Code     6  nwk.o(i.nwk_ResetSet)
    nwk_SendEmptyPollRspFrame                0x08005c35   Thumb Code   168  nwk_frame.o(i.nwk_SendEmptyPollRspFrame)
    nwk_allocateLocalRxPort                  0x08005ce5   Thumb Code   232  nwk.o(i.nwk_allocateLocalRxPort)
    nwk_buildFrame                           0x08005dd1   Thumb Code   136  nwk_frame.o(i.nwk_buildFrame)
    nwk_checkConnInfo                        0x08005e65   Thumb Code    34  nwk.o(i.nwk_checkConnInfo)
    nwk_connectionControl                    0x08005e87   Thumb Code    48  nwk_ioctl.o(i.nwk_connectionControl)
    nwk_deviceAddress                        0x08005eb7   Thumb Code    38  nwk_ioctl.o(i.nwk_deviceAddress)
    nwk_findAlreadyJoined                    0x08005edd   Thumb Code    52  nwk.o(i.nwk_findAlreadyJoined)
    nwk_frameInit                            0x08005f15   Thumb Code    38  nwk_frame.o(i.nwk_frameInit)
    nwk_freeConnection                       0x08005f51   Thumb Code     6  nwk.o(i.nwk_freeConnection)
    nwk_freeConnectionEx                     0x08005f59   Thumb Code    58  nwk.o(i.nwk_freeConnectionEx)
    nwk_freqInit                             0x08005fad   Thumb Code     2  nwk_freq.o(i.nwk_freqInit)
    nwk_getBCastAddress                      0x08005fb1   Thumb Code     4  nwk_globals.o(i.nwk_getBCastAddress)
    nwk_getConnInfo                          0x08005fb9   Thumb Code    58  nwk.o(i.nwk_getConnInfo)
    nwk_getLocalLinkID                       0x08005ff9   Thumb Code    72  nwk_link.o(i.nwk_getLocalLinkID)
    nwk_getMyAddress                         0x08006049   Thumb Code    14  nwk_globals.o(i.nwk_getMyAddress)
    nwk_getMyRxType                          0x08006065   Thumb Code     6  nwk_frame.o(i.nwk_getMyRxType)
    nwk_getNextConnection                    0x08006071   Thumb Code    74  nwk.o(i.nwk_getNextConnection)
    nwk_getQ                                 0x080060c1   Thumb Code    14  nwk_qmgmt.o(i.nwk_getQ)
    nwk_getSandFFrame                        0x080060d9   Thumb Code    98  nwk_frame.o(i.nwk_getSandFFrame)
    nwk_getServerAddress                     0x0800613d   Thumb Code     4  nwk_globals.o(i.nwk_getServerAddress)
    nwk_globalsInit                          0x08006145   Thumb Code    22  nwk_globals.o(i.nwk_globalsInit)
    nwk_isConnectionValid                    0x08006169   Thumb Code    84  nwk.o(i.nwk_isConnectionValid)
    nwk_isLinkDuplicate                      0x080061c1   Thumb Code    62  nwk.o(i.nwk_isLinkDuplicate)
    nwk_isLinked                             0x08006205   Thumb Code    46  nwk.o(i.nwk_isLinked)
    nwk_isSandFClient                        0x08006239   Thumb Code    42  nwk_join.o(i.nwk_isSandFClient)
    nwk_isValidReply                         0x08006269   Thumb Code    72  nwk.o(i.nwk_isValidReply)
    nwk_join                                 0x080062b1   Thumb Code    12  nwk_join.o(i.nwk_join)
    nwk_joinContext                          0x080062d5   Thumb Code    24  nwk_ioctl.o(i.nwk_joinContext)
    nwk_joinInit                             0x080062ed   Thumb Code    42  nwk_join.o(i.nwk_joinInit)
    nwk_link                                 0x08006331   Thumb Code   328  nwk_link.o(i.nwk_link)
    nwk_linkClose                            0x08006485   Thumb Code    12  nwk_link.o(i.nwk_linkClose)
    nwk_linkInit                             0x08006491   Thumb Code    44  nwk_link.o(i.nwk_linkInit)
    nwk_mgmtInit                             0x080064d1   Thumb Code    12  nwk_mgmt.o(i.nwk_mgmtInit)
    nwk_nwkInit                              0x080064e1   Thumb Code   134  nwk.o(i.nwk_nwkInit)
    nwk_ping                                 0x08006571   Thumb Code   202  nwk_ping.o(i.nwk_ping)
    nwk_pingInit                             0x08006641   Thumb Code    12  nwk_ping.o(i.nwk_pingInit)
    nwk_processFreq                          0x08006651   Thumb Code     6  nwk_freq.o(i.nwk_processFreq)
    nwk_processJoin                          0x08006659   Thumb Code    56  nwk_join.o(i.nwk_processJoin)
    nwk_processLink                          0x08006699   Thumb Code    54  nwk_link.o(i.nwk_processLink)
    nwk_processMgmt                          0x080066d9   Thumb Code   102  nwk_mgmt.o(i.nwk_processMgmt)
    nwk_processPing                          0x08006781   Thumb Code    62  nwk_ping.o(i.nwk_processPing)
    nwk_processSecurity                      0x080067d5   Thumb Code     6  nwk_security.o(i.nwk_processSecurity)
    nwk_radioControl                         0x080067db   Thumb Code   110  nwk_ioctl.o(i.nwk_radioControl)
    nwk_rawReceive                           0x08006849   Thumb Code    36  nwk_ioctl.o(i.nwk_rawReceive)
    nwk_rawSend                              0x0800686d   Thumb Code    72  nwk_ioctl.o(i.nwk_rawSend)
    nwk_retrieveFrame                        0x080068b5   Thumb Code   144  nwk_frame.o(i.nwk_retrieveFrame)
    nwk_saveJoinedDevice                     0x08006945   Thumb Code    78  nwk.o(i.nwk_saveJoinedDevice)
    nwk_securityInit                         0x08006999   Thumb Code     2  nwk_security.o(i.nwk_securityInit)
    nwk_sendFrame                            0x0800699d   Thumb Code    48  nwk_frame.o(i.nwk_sendFrame)
    nwk_setAPAddress                         0x080069d1   Thumb Code     8  nwk_globals.o(i.nwk_setAPAddress)
    nwk_setJoinContext                       0x080069dd   Thumb Code    16  nwk_join.o(i.nwk_setJoinContext)
    nwk_setLinkToken                         0x080069f1   Thumb Code     8  nwk_link.o(i.nwk_setLinkToken)
    nwk_setListenContext                     0x080069fd   Thumb Code    14  nwk_link.o(i.nwk_setListenContext)
    nwk_setMyAddress                         0x08006a11   Thumb Code    20  nwk_globals.o(i.nwk_setMyAddress)
    resend_request_process                   0x08006b69   Thumb Code    72  nwk_mgmt.o(i.resend_request_process)
    rf_mem_free                              0x08006bb5   Thumb Code   102  rf_mem.o(i.rf_mem_free)
    rf_mem_init                              0x08006c5d   Thumb Code    62  rf_mem.o(i.rf_mem_init)
    rf_mem_malloc                            0x08006ca9   Thumb Code   268  rf_mem.o(i.rf_mem_malloc)
    tmrMsTimeGet                             0x080075a1   Thumb Code     6  dtimer.o(i.tmrMsTimeGet)
    uDelay                                   0x080075ad   Thumb Code    18  dtimer.o(i.uDelay)
    GPIO_PIN                                 0x08007624   Data           8  stm32_eval.o(.constdata)
    GPIO_CLK                                 0x0800762c   Data          16  stm32_eval.o(.constdata)
    BUTTON_PIN                               0x0800763c   Data          16  stm32_eval.o(.constdata)
    BUTTON_CLK                               0x0800764c   Data          32  stm32_eval.o(.constdata)
    BUTTON_EXTI_LINE                         0x0800766c   Data          16  stm32_eval.o(.constdata)
    BUTTON_PORT_SOURCE                       0x0800767c   Data          16  stm32_eval.o(.constdata)
    BUTTON_PIN_SOURCE                        0x0800768c   Data          16  stm32_eval.o(.constdata)
    BUTTON_IRQn                              0x0800769c   Data          16  stm32_eval.o(.constdata)
    COM_USART_CLK                            0x080076ac   Data          12  stm32_eval.o(.constdata)
    COM_POR_CLK                              0x080076b8   Data          12  stm32_eval.o(.constdata)
    COM_TX_PIN                               0x080076c4   Data           6  stm32_eval.o(.constdata)
    COM_RX_PIN                               0x080076ca   Data           6  stm32_eval.o(.constdata)
    mrfiBroadcastAddr                        0x0800770e   Data           4  mrfi.o(.constdata)
    VersionString                            0x080077ac   Data          19  nwk_globals.o(.constdata)
    callBackfunc                             0x080077c0   Data           8  wers.o(.constdata)
    crc8_ta                                  0x080077c8   Data         256  wers.o(.constdata)
    OSUnMapTbl                               0x08007931   Data         256  os_core.o(.constdata)
    Region$$Table$$Base                      0x08007a98   Number         0  anon$$obj.o(Region$$Table)
    Region$$Table$$Limit                     0x08007ab8   Number         0  anon$$obj.o(Region$$Table)
    GPIO_PORT                                0x20000004   Data          16  stm32_eval.o(.data)
    BUTTON_PORT                              0x20000014   Data          32  stm32_eval.o(.data)
    COM_USART                                0x20000034   Data          12  stm32_eval.o(.data)
    COM_PORT                                 0x20000040   Data          12  stm32_eval.o(.data)
    g_intr_idle                              0x20000064   Data           4  mrfi.o(.data)
    g_mrfi_rssi                              0x20000068   Data           1  mrfi.o(.data)
    g_mrfi_LQI                               0x20000069   Data           1  mrfi.o(.data)
    g_CRCfailedPacketNumber                  0x2000006c   Data           4  mrfi.o(.data)
    g_MismatchLengthNumber                   0x20000070   Data           4  mrfi.o(.data)
    g_ReceiveNotEmptyPacketNumber            0x20000074   Data           4  mrfi.o(.data)
    gs_pReset                                0x20000718   Data           4  nwk.o(.data)
    g_RTS_process_flag                       0x2000074d   Data           1  nwk_globals.o(.data)
    g_MyNodeType                             0x20000762   Data           1  nwk_join.o(.data)
    gs_DeviceState                           0x200007bc   Data           1  wers.o(.data)
    g_NeedReset                              0x200007c0   Data           4  wers.o(.data)
    g_pSemCTS                                0x200007c4   Data           4  wers.o(.data)
    g_p485PollSem                            0x200007c8   Data           4  wers.o(.data)
    g_pSem485Bridge                          0x200007cc   Data           4  wers.o(.data)
    g_p485DataAckSem                         0x200007d0   Data           4  wers.o(.data)
    g_pDataRecevieOkSem                      0x200007d4   Data           4  wers.o(.data)
    g_pDataComingSem                         0x200007d8   Data           4  wers.o(.data)
    g_485AckGUID                             0x200007dc   Data           4  wers.o(.data)
    g_WERSSystemId                           0x200007e4   Data           2  wers.o(.data)
    g_NotifyCode                             0x200007e8   Data           4  wers.o(.data)
    g_DataAckGUID                            0x200007ec   Data           4  wers.o(.data)
    g_485NotifyCode                          0x200007f0   Data           4  wers.o(.data)
    g_BackOffBegintime                       0x200007f4   Data           4  wers.o(.data)
    g_485BackOffBegintime                    0x200007f8   Data           4  wers.o(.data)
    g_RFBackOfftime                          0x200007fc   Data           4  wers.o(.data)
    g_getCTS                                 0x20000800   Data           4  wers.o(.data)
    g_ApInitOk                               0x20000804   Data           4  wers.o(.data)
    g_ApTaskCondition                        0x20000808   Data           4  wers.o(.data)
    g_timerID                                0x20000824   Data           4  wers.o(.data)
    g_WatchDogTimerID                        0x20000828   Data           4  rf_wd.o(.data)
    OSCtxSwCtr                               0x20000838   Data           4  os_core.o(.data)
    OSEventFreeList                          0x2000083c   Data           4  os_core.o(.data)
    OSFlagFreeList                           0x20000840   Data           4  os_core.o(.data)
    OSCPUUsage                               0x20000844   Data           1  os_core.o(.data)
    OSIdleCtrMax                             0x20000848   Data           4  os_core.o(.data)
    OSIdleCtrRun                             0x2000084c   Data           4  os_core.o(.data)
    OSStatRdy                                0x20000850   Data           1  os_core.o(.data)
    OSIntNesting                             0x20000851   Data           1  os_core.o(.data)
    OSLockNesting                            0x20000852   Data           1  os_core.o(.data)
    OSPrioCur                                0x20000853   Data           1  os_core.o(.data)
    OSPrioHighRdy                            0x20000854   Data           1  os_core.o(.data)
    OSRdyGrp                                 0x20000855   Data           1  os_core.o(.data)
    OSRdyTbl                                 0x20000856   Data           4  os_core.o(.data)
    OSRunning                                0x2000085a   Data           1  os_core.o(.data)
    OSTaskCtr                                0x2000085b   Data           1  os_core.o(.data)
    OSIdleCtr                                0x2000085c   Data           4  os_core.o(.data)
    OSTCBCur                                 0x20000860   Data           4  os_core.o(.data)
    OSTCBFreeList                            0x20000864   Data           4  os_core.o(.data)
    OSTCBHighRdy                             0x20000868   Data           4  os_core.o(.data)
    OSTCBList                                0x2000086c   Data           4  os_core.o(.data)
    OSTickStepState                          0x20000870   Data           1  os_core.o(.data)
    OSMemFreeList                            0x20000874   Data           4  os_core.o(.data)
    OSQFreeList                              0x20000878   Data           4  os_core.o(.data)
    OSTime                                   0x2000087c   Data           4  os_core.o(.data)
    OSTmrFree                                0x20000880   Data           2  os_core.o(.data)
    OSTmrUsed                                0x20000882   Data           2  os_core.o(.data)
    OSTmrTime                                0x20000884   Data           4  os_core.o(.data)
    OSTmrSem                                 0x20000888   Data           4  os_core.o(.data)
    OSTmrSemSignal                           0x2000088c   Data           4  os_core.o(.data)
    OSTmrFreeList                            0x20000890   Data           4  os_core.o(.data)
    __stdout                                 0x20000894   Data           4  stdout.o(.data)
    AppTaskStartStk                          0x20000898   Data         384  main.o(.bss)
    gg_buf                                   0x20000a18   Data          32  main.o(.bss)
    g_stimer                                 0x20000a38   Data          64  dtimer.o(.bss)
    g_InitStruct                             0x20001278   Data          16  uart.o(.bss)
    sServiceLinkID                           0x20003ed8   Data         128  nwk_link.o(.bss)
    g_st485GetTransaction                    0x200044a0   Data         240  wers.o(.bss)
    g_stWERSGetTransaction                   0x20004590   Data         240  wers.o(.bss)
    sWERSInFrameQ                            0x20004680   Data         768  wers.o(.bss)
    sWERSTransactionInQ                      0x20004980   Data         384  wers.o(.bss)
    gRFReceiverStack                         0x20004b00   Data        1024  wers.o(.bss)
    g485SendTaskStack                        0x20004f00   Data        1024  wers.o(.bss)
    g485BridgeTaskStack                      0x20005300   Data        1024  wers.o(.bss)
    gRFBridgeTaskStack                       0x20005700   Data        1024  wers.o(.bss)
    g485RecevieTaskStack                     0x20005b00   Data        1024  wers.o(.bss)
    g485SendCheckStack                       0x20005f00   Data        1024  wers.o(.bss)
    g485PollTaskStack                        0x20006300   Data        1024  wers.o(.bss)
    WERSEDBgroundTaskStk                     0x20006700   Data         384  wers.o(.bss)
    OSEventTbl                               0x2000798c   Data        1280  os_core.o(.bss)
    OSFlagTbl                                0x20007e8c   Data         140  os_core.o(.bss)
    OSTaskStatStk                            0x20007f18   Data         256  os_core.o(.bss)
    OSTaskIdleStk                            0x20008018   Data         256  os_core.o(.bss)
    OSTCBPrioTbl                             0x20008118   Data         128  os_core.o(.bss)
    OSTCBTbl                                 0x20008198   Data        2816  os_core.o(.bss)
    OSMemTbl                                 0x20008c98   Data         180  os_core.o(.bss)
    OSQTbl                                   0x20008d4c   Data         360  os_core.o(.bss)
    OSTmrTbl                                 0x20008eb4   Data         832  os_core.o(.bss)
    OSTmrTaskStk                             0x200091f4   Data         256  os_core.o(.bss)
    OSTmrWheelTbl                            0x200092f4   Data          64  os_core.o(.bss)
    __initial_sp                             0x20009438   Data           0  startup_stm32f10x_hd.o(STACK)



==============================================================================

Memory Map of the image

  Image Entry point : 0x08000131

  Load Region LR_IROM1 (Base: 0x08000000, Size: 0x00008350, Max: 0x00100000, ABSOLUTE, COMPRESSED[0x00007b34])

    Execution Region ER_IROM1 (Base: 0x08000000, Size: 0x00007ab8, Max: 0x00100000, ABSOLUTE)

    Base Addr    Size         Type   Attr      Idx    E Section Name        Object

    0x08000000   0x00000130   Data   RO          610    RESET               startup_stm32f10x_hd.o
    0x08000130   0x00000000   Code   RO         6123  * .ARM.Collect$$$$00000000  mc_w.l(entry.o)
    0x08000130   0x00000004   Code   RO         6399    .ARM.Collect$$$$00000001  mc_w.l(entry2.o)
    0x08000134   0x00000004   Code   RO         6402    .ARM.Collect$$$$00000004  mc_w.l(entry5.o)
    0x08000138   0x00000000   Code   RO         6404    .ARM.Collect$$$$00000008  mc_w.l(entry7b.o)
    0x08000138   0x00000008   Code   RO         6405    .ARM.Collect$$$$00000009  mc_w.l(entry8.o)
    0x08000140   0x00000004   Code   RO         6400    .ARM.Collect$$$$00002712  mc_w.l(entry2.o)
    0x08000144   0x00000018   Code   RO            1    .emb_text           main.o
    0x0800015c   0x00000030   Code   RO          611    .text               startup_stm32f10x_hd.o
    0x0800018c   0x000000b0   Code   RO         5347    .text               os_cpu_a.o
    0x0800023c   0x00000028   Code   RO         6126    .text               mc_w.l(memcpy.o)
    0x08000264   0x00000026   Code   RO         6130    .text               mc_w.l(memseta.o)
    0x0800028a   0x0000001a   Code   RO         6132    .text               mc_w.l(memcmp.o)
    0x080002a4   0x00000062   Code   RO         6409    .text               mc_w.l(uldiv.o)
    0x08000306   0x00000002   PAD
    0x08000308   0x00000024   Code   RO         6422    .text               mc_w.l(init.o)
    0x0800032c   0x0000001e   Code   RO         6424    .text               mc_w.l(llshl.o)
    0x0800034a   0x00000020   Code   RO         6426    .text               mc_w.l(llushr.o)
    0x0800036a   0x0000005c   Code   RO         6440    .text               mc_w.l(__dczerorl2.o)
    0x080003c6   0x00000002   PAD
    0x080003c8   0x00000098   Code   RO         4681    i.AddNewTransactionToQue  wers.o
    0x08000460   0x000000e0   Code   RO            2    i.AppTaskStart      main.o
    0x08000540   0x000000c0   Code   RO         3859    i.BSP_InitForCC1100  bsp.o
    0x08000600   0x00000038   Code   RO         4682    i.BackOffTimeOut    wers.o
    0x08000638   0x00000040   Code   RO         4683    i.BackOffTimeOutEx  wers.o
    0x08000678   0x00000004   Code   RO          252    i.BusFault_Handler  stm32f10x_it.o
    0x0800067c   0x00000030   Code   RO            4    i.ButtonInit        main.o
    0x080006ac   0x0000003c   Code   RO         4685    i.CheckTimeOut      wers.o
    0x080006e8   0x0000005c   Code   RO          328    i.CreateTimerEx     dtimer.o
    0x08000744   0x000000d4   Code   RO          329    i.DTimerInit        dtimer.o
    0x08000818   0x00000002   Code   RO          253    i.DebugMon_Handler  stm32f10x_it.o
    0x0800081a   0x00000002   PAD
    0x0800081c   0x00000014   Code   RO          330    i.DeleteTimer       dtimer.o
    0x08000830   0x0000006c   Code   RO         3860    i.EXTI0_IRQHandler  bsp.o
    0x0800089c   0x00000064   Code   RO          254    i.EXTI1_IRQHandler  stm32f10x_it.o
    0x08000900   0x0000000c   Code   RO         1308    i.EXTI_ClearITPendingBit  stm32f10x_exti.o
    0x0800090c   0x00000028   Code   RO         1312    i.EXTI_GetITStatus  stm32f10x_exti.o
    0x08000934   0x00000094   Code   RO         1313    i.EXTI_Init         stm32f10x_exti.o
    0x080009c8   0x00000038   Code   RO         1369    i.FLASH_GetStatus   stm32f10x_flash.o
    0x08000a00   0x0000002a   Code   RO         1383    i.FLASH_WaitForLastOperation  stm32f10x_flash.o
    0x08000a2a   0x00000002   PAD
    0x08000a2c   0x00000058   Code   RO          428    i.Flash_ErasePage   flash.o
    0x08000a84   0x0000001c   Code   RO          430    i.Flash_Read        flash.o
    0x08000aa0   0x000002e4   Code   RO          431    i.Flash_Write       flash.o
    0x08000d84   0x0000008c   Code   RO          432    i.Flash_WritePage   flash.o
    0x08000e10   0x00000040   Code   RO         1633    i.GPIO_EXTILineConfig  stm32f10x_gpio.o
    0x08000e50   0x00000112   Code   RO         1636    i.GPIO_Init         stm32f10x_gpio.o
    0x08000f62   0x00000004   Code   RO          255    i.HardFault_Handler  stm32f10x_it.o
    0x08000f66   0x00000002   PAD
    0x08000f68   0x00000010   Code   RO         1945    i.IWDG_Enable       stm32f10x_iwdg.o
    0x08000f78   0x00000010   Code   RO         1947    i.IWDG_ReloadCounter  stm32f10x_iwdg.o
    0x08000f88   0x0000000c   Code   RO         1948    i.IWDG_SetPrescaler  stm32f10x_iwdg.o
    0x08000f94   0x0000000c   Code   RO         1949    i.IWDG_SetReload    stm32f10x_iwdg.o
    0x08000fa0   0x0000000c   Code   RO         1950    i.IWDG_WriteAccessCmd  stm32f10x_iwdg.o
    0x08000fac   0x00000020   Code   RO         4690    i.MILD_max          wers.o
    0x08000fcc   0x00000028   Code   RO         4691    i.MILD_min          wers.o
    0x08000ff4   0x00000028   Code   RO         3589    i.MRFI_CheckSameSystemID  mrfi.o
    0x0800101c   0x0000000c   Code   RO         3590    i.MRFI_DelayMs      mrfi.o
    0x08001028   0x00000054   Code   RO         3592    i.MRFI_EnableRxAddrFilter  mrfi.o
    0x0800107c   0x0000000c   Code   RO         3593    i.MRFI_GetRadioState  mrfi.o
    0x08001088   0x00000030   Code   RO         3594    i.MRFI_GpioIsr      mrfi.o
    0x080010b8   0x00000294   Code   RO         3595    i.MRFI_Init         mrfi.o
    0x0800134c   0x00000018   Code   RO         3596    i.MRFI_RandomByte   mrfi.o
    0x08001364   0x00000014   Code   RO         3597    i.MRFI_Receive      mrfi.o
    0x08001378   0x00000078   Code   RO         3598    i.MRFI_Rssi         mrfi.o
    0x080013f0   0x00000054   Code   RO         3600    i.MRFI_RxAddrIsFiltered  mrfi.o
    0x08001444   0x0000004c   Code   RO         4147    i.MRFI_RxCompleteISR  nwk_frame.o
    0x08001490   0x00000054   Code   RO         3601    i.MRFI_RxIdle       mrfi.o
    0x080014e4   0x00000054   Code   RO         3602    i.MRFI_RxOn         mrfi.o
    0x08001538   0x0000005c   Code   RO         3603    i.MRFI_SetLogicalChannel  mrfi.o
    0x08001594   0x00000050   Code   RO         3604    i.MRFI_SetRxAddrFilter  mrfi.o
    0x080015e4   0x0000002c   Code   RO         3605    i.MRFI_Sleep        mrfi.o
    0x08001610   0x00000194   Code   RO         3606    i.MRFI_Transmit     mrfi.o
    0x080017a4   0x00000068   Code   RO         3607    i.MRFI_WakeUp       mrfi.o
    0x0800180c   0x00000004   Code   RO          256    i.MemManage_Handler  stm32f10x_it.o
    0x08001810   0x00000030   Code   RO         3608    i.Mrfi_CalculateRssi  mrfi.o
    0x08001840   0x00000018   Code   RO         3609    i.Mrfi_DelayUsec    mrfi.o
    0x08001858   0x00000028   Code   RO         3610    i.Mrfi_RandomBackoffDelay  mrfi.o
    0x08001880   0x00000034   Code   RO         3611    i.Mrfi_RxModeOff    mrfi.o
    0x080018b4   0x0000002c   Code   RO         3612    i.Mrfi_RxModeOn     mrfi.o
    0x080018e0   0x0000014c   Code   RO         3613    i.Mrfi_SyncPinRxIsr  mrfi.o
    0x08001a2c   0x00000004   Code   RO          257    i.NMI_Handler       stm32f10x_it.o
    0x08001a30   0x00000074   Code   RO          615    i.NVIC_Init         misc.o
    0x08001aa4   0x00000090   Code   RO         5354    i.OSEventNameSet    os_core.o
    0x08001b34   0x00000034   Code   RO         5355    i.OSInit            os_core.o
    0x08001b68   0x0000000c   Code   RO         5263    i.OSInitHookBegin   os_cpu_c.o
    0x08001b74   0x00000002   Code   RO         5264    i.OSInitHookEnd     os_cpu_c.o
    0x08001b76   0x00000002   PAD
    0x08001b78   0x000000e0   Code   RO         5357    i.OSIntExit         os_core.o
    0x08001c58   0x0000006a   Code   RO         5783    i.OSQAccept         os_q.o
    0x08001cc2   0x00000002   PAD
    0x08001cc4   0x000000a4   Code   RO         5784    i.OSQCreate         os_q.o
    0x08001d68   0x00000134   Code   RO         5787    i.OSQPend           os_q.o
    0x08001e9c   0x00000078   Code   RO         5789    i.OSQPost           os_q.o
    0x08001f14   0x00000058   Code   RO         5856    i.OSSemCreate       os_sem.o
    0x08001f6c   0x000000f8   Code   RO         5858    i.OSSemPend         os_sem.o
    0x08002064   0x0000005e   Code   RO         5860    i.OSSemPost         os_sem.o
    0x080020c2   0x00000002   PAD
    0x080020c4   0x00000048   Code   RO         5360    i.OSStart           os_core.o
    0x0800210c   0x0000004c   Code   RO         5361    i.OSStatInit        os_core.o
    0x08002158   0x00000002   Code   RO         5265    i.OSTCBInitHook     os_cpu_c.o
    0x0800215a   0x00000002   PAD
    0x0800215c   0x000000ac   Code   RO         5910    i.OSTaskCreate      os_task.o
    0x08002208   0x000000c0   Code   RO         5911    i.OSTaskCreateExt   os_task.o
    0x080022c8   0x00000002   Code   RO         5266    i.OSTaskCreateHook  os_cpu_c.o
    0x080022ca   0x00000002   Code   RO         5268    i.OSTaskIdleHook    os_cpu_c.o
    0x080022cc   0x000000ac   Code   RO         5915    i.OSTaskNameSet     os_task.o
    0x08002378   0x00000002   Code   RO         5269    i.OSTaskStatHook    os_cpu_c.o
    0x0800237a   0x00000002   PAD
    0x0800237c   0x000000a0   Code   RO         5918    i.OSTaskStkChk      os_task.o
    0x0800241c   0x0000009a   Code   RO         5270    i.OSTaskStkInit     os_cpu_c.o
    0x080024b6   0x00000002   Code   RO         5271    i.OSTaskSwHook      os_cpu_c.o
    0x080024b8   0x00000070   Code   RO         5987    i.OSTimeDly         os_time.o
    0x08002528   0x000000f4   Code   RO         5362    i.OSTimeTick        os_core.o
    0x0800261c   0x00000024   Code   RO         5272    i.OSTimeTickHook    os_cpu_c.o
    0x08002640   0x00000014   Code   RO         6027    i.OSTmrSignal       os_tmr.o
    0x08002654   0x000000dc   Code   RO         6033    i.OSTmr_Init        os_tmr.o
    0x08002730   0x0000004c   Code   RO         6034    i.OSTmr_InitTask    os_tmr.o
    0x0800277c   0x0000006c   Code   RO         6035    i.OSTmr_Link        os_tmr.o
    0x080027e8   0x00000014   Code   RO         6036    i.OSTmr_Lock        os_tmr.o
    0x080027fc   0x0000007c   Code   RO         6037    i.OSTmr_Task        os_tmr.o
    0x08002878   0x00000044   Code   RO         6038    i.OSTmr_Unlink      os_tmr.o
    0x080028bc   0x00000010   Code   RO         6039    i.OSTmr_Unlock      os_tmr.o
    0x080028cc   0x00000050   Code   RO         5365    i.OS_EventTOAbort   os_core.o
    0x0800291c   0x000000dc   Code   RO         5366    i.OS_EventTaskRdy   os_core.o
    0x080029f8   0x0000007c   Code   RO         5367    i.OS_EventTaskWait  os_core.o
    0x08002a74   0x0000001c   Code   RO         5368    i.OS_EventWaitListInit  os_core.o
    0x08002a90   0x0000004c   Code   RO         5562    i.OS_FlagInit       os_flag.o
    0x08002adc   0x00000050   Code   RO         5369    i.OS_InitEventList  os_core.o
    0x08002b2c   0x00000054   Code   RO         5370    i.OS_InitMisc       os_core.o
    0x08002b80   0x00000048   Code   RO         5371    i.OS_InitRdyList    os_core.o
    0x08002bc8   0x00000068   Code   RO         5372    i.OS_InitTCBList    os_core.o
    0x08002c30   0x0000004c   Code   RO         5373    i.OS_InitTaskIdle   os_core.o
    0x08002c7c   0x0000004c   Code   RO         5374    i.OS_InitTaskStat   os_core.o
    0x08002cc8   0x00000012   Code   RO         5375    i.OS_MemClr         os_core.o
    0x08002cda   0x00000002   PAD
    0x08002cdc   0x0000004c   Code   RO         5694    i.OS_MemInit        os_mem.o
    0x08002d28   0x00000038   Code   RO         5793    i.OS_QInit          os_q.o
    0x08002d60   0x000000c0   Code   RO         5377    i.OS_Sched          os_core.o
    0x08002e20   0x0000002c   Code   RO         5378    i.OS_SchedNew       os_core.o
    0x08002e4c   0x0000001c   Code   RO         5379    i.OS_StrCopy        os_core.o
    0x08002e68   0x00000014   Code   RO         5380    i.OS_StrLen         os_core.o
    0x08002e7c   0x0000012c   Code   RO         5381    i.OS_TCBInit        os_core.o
    0x08002fa8   0x00000024   Code   RO         5382    i.OS_TaskIdle       os_core.o
    0x08002fcc   0x00000090   Code   RO         5383    i.OS_TaskStat       os_core.o
    0x0800305c   0x0000003c   Code   RO         5384    i.OS_TaskStatStkChk  os_core.o
    0x08003098   0x0000001a   Code   RO         5920    i.OS_TaskStkClr     os_task.o
    0x080030b2   0x000000f8   Code   RO         4693    i.PendTransactionToQue  wers.o
    0x080031aa   0x00000002   PAD
    0x080031ac   0x00000020   Code   RO         2055    i.RCC_APB1PeriphClockCmd  stm32f10x_rcc.o
    0x080031cc   0x00000020   Code   RO         2057    i.RCC_APB2PeriphClockCmd  stm32f10x_rcc.o
    0x080031ec   0x000000d4   Code   RO         2065    i.RCC_GetClocksFreq  stm32f10x_rcc.o
    0x080032c0   0x00000060   Code   RO         4694    i.RFMacSemPend      wers.o
    0x08003320   0x0000008e   Code   RO         4695    i.RF_SendRTS        wers.o
    0x080033ae   0x00000002   PAD
    0x080033b0   0x0000001c   Code   RO         3861    i.RegMrfiIsr        bsp.o
    0x080033cc   0x00000030   Code   RO         3614    i.ResetReceive      mrfi.o
    0x080033fc   0x0000004c   Code   RO         4071    i.SMPL_Init         nwk_api.o
    0x08003448   0x0000009a   Code   RO         4072    i.SMPL_Ioctl        nwk_api.o
    0x080034e2   0x0000000c   Code   RO         4073    i.SMPL_Link         nwk_api.o
    0x080034ee   0x0000000e   Code   RO         4074    i.SMPL_LinkClose    nwk_api.o
    0x080034fc   0x00000016   Code   RO         4075    i.SMPL_LinkListen   nwk_api.o
    0x08003512   0x0000000c   Code   RO         4076    i.SMPL_Ping         nwk_api.o
    0x0800351e   0x00000048   Code   RO         4077    i.SMPL_Receive      nwk_api.o
    0x08003566   0x00000002   PAD
    0x08003568   0x00000018   Code   RO         4079    i.SMPL_Reset        nwk_api.o
    0x08003580   0x00000070   Code   RO         4080    i.SMPL_Send         nwk_api.o
    0x080035f0   0x0000006c   Code   RO         4697    i.SMPL_SendEx       wers.o
    0x0800365c   0x00000098   Code   RO         3461    i.SPI_CC1100_Init   spi_cc1100.o
    0x080036f4   0x00000018   Code   RO         2540    i.SPI_Cmd           stm32f10x_spi.o
    0x0800370c   0x0000003c   Code   RO         2553    i.SPI_Init          stm32f10x_spi.o
    0x08003748   0x0000002c   Code   RO         3463    i.SPI_RxTxByte      spi_cc1100.o
    0x08003774   0x000000a4   Code   RO          519    i.STM_EVAL_COMInit  stm32_eval.o
    0x08003818   0x00000048   Code   RO          520    i.STM_EVAL_LEDInit  stm32_eval.o
    0x08003860   0x00000028   Code   RO          521    i.STM_EVAL_LEDOff   stm32_eval.o
    0x08003888   0x00000018   Code   RO          522    i.STM_EVAL_LEDOn    stm32_eval.o
    0x080038a0   0x00000048   Code   RO          523    i.STM_EVAL_LEDSet   stm32_eval.o
    0x080038e8   0x00000024   Code   RO          524    i.STM_EVAL_LEDToggle  stm32_eval.o
    0x0800390c   0x00000002   Code   RO          259    i.SVC_Handler       stm32f10x_it.o
    0x0800390e   0x00000044   Code   RO         4698    i.SearchTransactionGUID  wers.o
    0x08003952   0x00000002   PAD
    0x08003954   0x00000034   Code   RO         4699    i.SendDataToPC      wers.o
    0x08003988   0x00000008   Code   RO          577    i.SetSysClock       system_stm32f10x.o
    0x08003990   0x000000d0   Code   RO          578    i.SetSysClockTo72   system_stm32f10x.o
    0x08003a60   0x00000014   Code   RO          333    i.StartTimer        dtimer.o
    0x08003a74   0x00000028   Code   RO          260    i.SysTick_Handler   stm32f10x_it.o
    0x08003a9c   0x000000ac   Code   RO          579    i.SystemInit        system_stm32f10x.o
    0x08003b48   0x000000cc   Code   RO          335    i.TIM3_IRQHandler   dtimer.o
    0x08003c14   0x00000018   Code   RO         2698    i.TIM_Cmd           stm32f10x_tim.o
    0x08003c2c   0x00000018   Code   RO         2723    i.TIM_ITConfig      stm32f10x_tim.o
    0x08003c44   0x00000078   Code   RO         2727    i.TIM_OC1Init       stm32f10x_tim.o
    0x08003cbc   0x0000003c   Code   RO         2769    i.TIM_TimeBaseInit  stm32f10x_tim.o
    0x08003cf8   0x0000003c   Code   RO         3863    i.USART1_IRQHandler  bsp.o
    0x08003d34   0x00000018   Code   RO         3234    i.USART_Cmd         stm32f10x_usart.o
    0x08003d4c   0x0000001a   Code   RO         3237    i.USART_GetFlagStatus  stm32f10x_usart.o
    0x08003d66   0x0000004a   Code   RO         3240    i.USART_ITConfig    stm32f10x_usart.o
    0x08003db0   0x000000a0   Code   RO         3241    i.USART_Init        stm32f10x_usart.o
    0x08003e50   0x00000008   Code   RO         3249    i.USART_SendData    stm32f10x_usart.o
    0x08003e58   0x00000004   Code   RO          261    i.UsageFault_Handler  stm32f10x_it.o
    0x08003e5c   0x00000058   Code   RO         4702    i.WERS485RecevieTask  wers.o
    0x08003eb4   0x0000005a   Code   RO         4703    i.WERS485Send       wers.o
    0x08003f0e   0x00000002   PAD
    0x08003f10   0x000001d8   Code   RO         4707    i.WERSAPCmd         wers.o
    0x080040e8   0x00000470   Code   RO         4710    i.WERSExTask        wers.o
    0x08004558   0x0000004c   Code   RO         4711    i.WERSExWorking     wers.o
    0x080045a4   0x00000008   Code   RO         4713    i.WERSGenerate_RF_GUID  wers.o
    0x080045ac   0x00000012   Code   RO         4716    i.WERSGetDeviceAddress  wers.o
    0x080045be   0x00000002   PAD
    0x080045c0   0x0000001c   Code   RO         4719    i.WERSMsTimeGet     wers.o
    0x080045dc   0x00000020   Code   RO         4720    i.WERSMsTimeSet     wers.o
    0x080045fc   0x000000d6   Code   RO         4721    i.WERSPCDataProcess  wers.o
    0x080046d2   0x00000002   PAD
    0x080046d4   0x0000016c   Code   RO         4722    i.WERSPCPridge      wers.o
    0x08004840   0x00000090   Code   RO         4723    i.WERSRFBridgeTask  wers.o
    0x080048d0   0x000000ac   Code   RO         4724    i.WERSRFReceiverTask  wers.o
    0x0800497c   0x00000050   Code   RO         4725    i.WERSReadDevice    wers.o
    0x080049cc   0x00000044   Code   RO         4726    i.WERSResponseCTS   wers.o
    0x08004a10   0x00000070   Code   RO         4728    i.WERSSendDataAck   wers.o
    0x08004a80   0x00000012   Code   RO         4731    i.WERSSetDeviceAddress  wers.o
    0x08004a92   0x00000002   PAD
    0x08004a94   0x00000028   Code   RO         4733    i.WERSTimerISR      wers.o
    0x08004abc   0x00000020   Code   RO         4734    i.WERSWriteDevice   wers.o
    0x08004adc   0x00000130   Code   RO         4744    i.WERS_RTS_CTS_Notify  wers.o
    0x08004c0c   0x0000003a   Code   RO         4745    i.WERS_RandomDelay  wers.o
    0x08004c46   0x00000002   PAD
    0x08004c48   0x0000018c   Code   RO         4754    i.WERS_Transmit     wers.o
    0x08004dd4   0x0000001c   Code   RO         4755    i.WERS_init         wers.o
    0x08004df0   0x00000050   Code   RO         4756    i.WERS_processReSendRequest  wers.o
    0x08004e40   0x00000050   Code   RO         5189    i.WatchDogInit      rf_wd.o
    0x08004e90   0x00000020   Code   RO         6345    i.__0printf$8       mc_w.l(printf8.o)
    0x08004eb0   0x0000000e   Code   RO         6434    i.__scatterload_copy  mc_w.l(handlers.o)
    0x08004ebe   0x00000002   Code   RO         6435    i.__scatterload_null  mc_w.l(handlers.o)
    0x08004ec0   0x0000000e   Code   RO         6436    i.__scatterload_zeroinit  mc_w.l(handlers.o)
    0x08004ece   0x00000002   PAD
    0x08004ed0   0x00000420   Code   RO         6352    i._printf_core      mc_w.l(printf8.o)
    0x080052f0   0x00000026   Code   RO         6353    i._printf_post_padding  mc_w.l(printf8.o)
    0x08005316   0x00000030   Code   RO         6354    i._printf_pre_padding  mc_w.l(printf8.o)
    0x08005346   0x00000002   PAD
    0x08005348   0x00000044   Code   RO         4554    i.broadcast_nwk_reset  nwk_mgmt.o
    0x0800538c   0x00000044   Code   RO         4555    i.broadcast_nwk_search_server  nwk_mgmt.o
    0x080053d0   0x00000044   Code   RO         4757    i.cal_crc           wers.o
    0x08005414   0x0000000e   Code   RO         1384    i.delay             stm32f10x_flash.o
    0x08005422   0x00000002   PAD
    0x08005424   0x00000158   Code   RO         4148    i.dispatchFrame     nwk_frame.o
    0x0800557c   0x00000034   Code   RO          433    i.fmemcmp           flash.o
    0x080055b0   0x00000040   Code   RO          477    i.fputc             uart.o
    0x080055f0   0x00000010   Code   RO         4424    i.generateLinkToken  nwk_join.o
    0x08005600   0x00000054   Code   RO          478    i.init_485_uart     uart.o
    0x08005654   0x00000024   Code   RO          479    i.init_dbguart      uart.o
    0x08005678   0x00000040   Code   RO         3903    i.initializeConnection  nwk.o
    0x080056b8   0x00000074   Code   RO         4149    i.isDupSandFFrame   nwk_frame.o
    0x0800572c   0x00000028   Code   RO          336    i.mDelay            dtimer.o
    0x08005754   0x00000038   Code   RO            6    i.main              main.o
    0x0800578c   0x00000030   Code   RO         3904    i.map_lid2idx       nwk.o
    0x080057bc   0x0000004c   Code   RO         3615    i.mrfiSpiCmdStrobe  mrfi.o
    0x08005808   0x00000014   Code   RO         3616    i.mrfiSpiInit       mrfi.o
    0x0800581c   0x00000010   Code   RO         3617    i.mrfiSpiReadReg    mrfi.o
    0x0800582c   0x00000012   Code   RO         3618    i.mrfiSpiReadRxFifo  mrfi.o
    0x0800583e   0x00000010   Code   RO         3619    i.mrfiSpiWriteReg   mrfi.o
    0x0800584e   0x00000012   Code   RO         3620    i.mrfiSpiWriteTxFifo  mrfi.o
    0x08005860   0x0000000a   Code   RO         3621    i.mrfi_delay        mrfi.o
    0x0800586a   0x00000002   PAD
    0x0800586c   0x0000009c   Code   RO         4556    i.nwk_CTS_process   nwk_mgmt.o
    0x08005908   0x0000002c   Code   RO         4557    i.nwk_DS_process    nwk_mgmt.o
    0x08005934   0x00000044   Code   RO         4558    i.nwk_Data_Ack_process  nwk_mgmt.o
    0x08005978   0x00000020   Code   RO         4326    i.nwk_QInit         nwk_qmgmt.o
    0x08005998   0x0000004c   Code   RO         4327    i.nwk_QadjustOrder  nwk_qmgmt.o
    0x080059e4   0x00000144   Code   RO         4328    i.nwk_QfindOldest   nwk_qmgmt.o
    0x08005b28   0x000000a0   Code   RO         4329    i.nwk_QfindSlot     nwk_qmgmt.o
    0x08005bc8   0x00000060   Code   RO         4559    i.nwk_RTS_process   nwk_mgmt.o
    0x08005c28   0x0000000c   Code   RO         3905    i.nwk_ResetSet      nwk.o
    0x08005c34   0x000000b0   Code   RO         4150    i.nwk_SendEmptyPollRspFrame  nwk_frame.o
    0x08005ce4   0x000000ec   Code   RO         3906    i.nwk_allocateLocalRxPort  nwk.o
    0x08005dd0   0x00000094   Code   RO         4151    i.nwk_buildFrame    nwk_frame.o
    0x08005e64   0x00000022   Code   RO         3907    i.nwk_checkConnInfo  nwk.o
    0x08005e86   0x00000030   Code   RO         4382    i.nwk_connectionControl  nwk_ioctl.o
    0x08005eb6   0x00000026   Code   RO         4383    i.nwk_deviceAddress  nwk_ioctl.o
    0x08005edc   0x00000038   Code   RO         3909    i.nwk_findAlreadyJoined  nwk.o
    0x08005f14   0x0000003c   Code   RO         4152    i.nwk_frameInit     nwk_frame.o
    0x08005f50   0x00000006   Code   RO         3910    i.nwk_freeConnection  nwk.o
    0x08005f56   0x00000002   PAD
    0x08005f58   0x00000054   Code   RO         3911    i.nwk_freeConnectionEx  nwk.o
    0x08005fac   0x00000002   Code   RO         4364    i.nwk_freqInit      nwk_freq.o
    0x08005fae   0x00000002   PAD
    0x08005fb0   0x00000008   Code   RO         4259    i.nwk_getBCastAddress  nwk_globals.o
    0x08005fb8   0x00000040   Code   RO         3912    i.nwk_getConnInfo   nwk.o
    0x08005ff8   0x00000050   Code   RO         4481    i.nwk_getLocalLinkID  nwk_link.o
    0x08006048   0x0000001c   Code   RO         4260    i.nwk_getMyAddress  nwk_globals.o
    0x08006064   0x0000000c   Code   RO         4153    i.nwk_getMyRxType   nwk_frame.o
    0x08006070   0x00000050   Code   RO         3914    i.nwk_getNextConnection  nwk.o
    0x080060c0   0x00000018   Code   RO         4330    i.nwk_getQ          nwk_qmgmt.o
    0x080060d8   0x00000062   Code   RO         4154    i.nwk_getSandFFrame  nwk_frame.o
    0x0800613a   0x00000002   PAD
    0x0800613c   0x00000008   Code   RO         4261    i.nwk_getServerAddress  nwk_globals.o
    0x08006144   0x00000024   Code   RO         4262    i.nwk_globalsInit   nwk_globals.o
    0x08006168   0x00000058   Code   RO         3915    i.nwk_isConnectionValid  nwk.o
    0x080061c0   0x00000044   Code   RO         3917    i.nwk_isLinkDuplicate  nwk.o
    0x08006204   0x00000034   Code   RO         3918    i.nwk_isLinked      nwk.o
    0x08006238   0x00000030   Code   RO         4425    i.nwk_isSandFClient  nwk_join.o
    0x08006268   0x00000048   Code   RO         3919    i.nwk_isValidReply  nwk.o
    0x080062b0   0x00000024   Code   RO         4426    i.nwk_join          nwk_join.o
    0x080062d4   0x00000018   Code   RO         4384    i.nwk_joinContext   nwk_ioctl.o
    0x080062ec   0x00000044   Code   RO         4427    i.nwk_joinInit      nwk_join.o
    0x08006330   0x00000154   Code   RO         4482    i.nwk_link          nwk_link.o
    0x08006484   0x0000000c   Code   RO         4483    i.nwk_linkClose     nwk_link.o
    0x08006490   0x00000040   Code   RO         4484    i.nwk_linkInit      nwk_link.o
    0x080064d0   0x00000010   Code   RO         4560    i.nwk_mgmtInit      nwk_mgmt.o
    0x080064e0   0x00000090   Code   RO         3920    i.nwk_nwkInit       nwk.o
    0x08006570   0x000000d0   Code   RO         4632    i.nwk_ping          nwk_ping.o
    0x08006640   0x00000010   Code   RO         4633    i.nwk_pingInit      nwk_ping.o
    0x08006650   0x00000006   Code   RO         4365    i.nwk_processFreq   nwk_freq.o
    0x08006656   0x00000002   PAD
    0x08006658   0x00000040   Code   RO         4428    i.nwk_processJoin   nwk_join.o
    0x08006698   0x00000040   Code   RO         4485    i.nwk_processLink   nwk_link.o
    0x080066d8   0x000000a8   Code   RO         4561    i.nwk_processMgmt   nwk_mgmt.o
    0x08006780   0x00000054   Code   RO         4634    i.nwk_processPing   nwk_ping.o
    0x080067d4   0x00000006   Code   RO         4663    i.nwk_processSecurity  nwk_security.o
    0x080067da   0x0000006e   Code   RO         4385    i.nwk_radioControl  nwk_ioctl.o
    0x08006848   0x00000024   Code   RO         4386    i.nwk_rawReceive    nwk_ioctl.o
    0x0800686c   0x00000048   Code   RO         4387    i.nwk_rawSend       nwk_ioctl.o
    0x080068b4   0x00000090   Code   RO         4156    i.nwk_retrieveFrame  nwk_frame.o
    0x08006944   0x00000054   Code   RO         3921    i.nwk_saveJoinedDevice  nwk.o
    0x08006998   0x00000002   Code   RO         4664    i.nwk_securityInit  nwk_security.o
    0x0800699a   0x00000002   PAD
    0x0800699c   0x00000034   Code   RO         4158    i.nwk_sendFrame     nwk_frame.o
    0x080069d0   0x0000000c   Code   RO         4263    i.nwk_setAPAddress  nwk_globals.o
    0x080069dc   0x00000014   Code   RO         4429    i.nwk_setJoinContext  nwk_join.o
    0x080069f0   0x0000000c   Code   RO         4486    i.nwk_setLinkToken  nwk_link.o
    0x080069fc   0x00000014   Code   RO         4487    i.nwk_setListenContext  nwk_link.o
    0x08006a10   0x0000001c   Code   RO         4264    i.nwk_setMyAddress  nwk_globals.o
    0x08006a2c   0x0000013c   Code   RO         4759    i.processMessage    wers.o
    0x08006b68   0x0000004c   Code   RO         4562    i.resend_request_process  nwk_mgmt.o
    0x08006bb4   0x000000a8   Code   RO         5219    i.rf_mem_free       rf_mem.o
    0x08006c5c   0x0000004c   Code   RO         5220    i.rf_mem_init       rf_mem.o
    0x08006ca8   0x0000019c   Code   RO         5221    i.rf_mem_malloc     rf_mem.o
    0x08006e44   0x00000118   Code   RO         5224    i.rf_plug_holes     rf_mem.o
    0x08006f5c   0x00000028   Code   RO         4760    i.sCB               wers.o
    0x08006f84   0x00000038   Code   RO         4761    i.sReset            wers.o
    0x08006fbc   0x0000003c   Code   RO         4563    i.send_poll_reply   nwk_mgmt.o
    0x08006ff8   0x00000080   Code   RO         4564    i.send_search_server_reply  nwk_mgmt.o
    0x08007078   0x0000014c   Code   RO         4430    i.smpl_send_join_reply  nwk_join.o
    0x080071c4   0x00000230   Code   RO         4488    i.smpl_send_link_reply  nwk_link.o
    0x080073f4   0x00000094   Code   RO         4565    i.smpl_send_mgmt_reply  nwk_mgmt.o
    0x08007488   0x00000034   Code   RO         4635    i.smpl_send_ping_reply  nwk_ping.o
    0x080074bc   0x00000080   Code   RO         3622    i.spiBurstFifoAccess  mrfi.o
    0x0800753c   0x00000064   Code   RO         3623    i.spiRegAccess      mrfi.o
    0x080075a0   0x0000000c   Code   RO          338    i.tmrMsTimeGet      dtimer.o
    0x080075ac   0x00000018   Code   RO          339    i.uDelay            dtimer.o
    0x080075c4   0x00000060   Code   RO         5190    i.watchDogTask      rf_wd.o
    0x08007624   0x000000ac   Data   RO          527    .constdata          stm32_eval.o
    0x080076d0   0x000000bf   Data   RO         3625    .constdata          mrfi.o
    0x0800778f   0x00000001   PAD
    0x08007790   0x00000018   Data   RO         4163    .constdata          nwk_frame.o
    0x080077a8   0x00000017   Data   RO         4266    .constdata          nwk_globals.o
    0x080077bf   0x00000001   PAD
    0x080077c0   0x00000171   Data   RO         4763    .constdata          wers.o
    0x08007931   0x00000100   Data   RO         5386    .constdata          os_core.o
    0x08007a31   0x00000064   Data   RO         4164    .conststring        nwk_frame.o
    0x08007a95   0x00000003   PAD
    0x08007a98   0x00000020   Data   RO         6432    Region$$Table       anon$$obj.o


    Execution Region RW_IRAM1 (Base: 0x20000000, Size: 0x00009438, Max: 0x00010000, ABSOLUTE, COMPRESSED[0x0000007c])

    Base Addr    Size         Type   Attr      Idx    E Section Name        Object

    0x20000000   0x00000004   Data   RW          341    .data               dtimer.o
    0x20000004   0x00000048   Data   RW          528    .data               stm32_eval.o
    0x2000004c   0x00000014   Data   RW         2085    .data               stm32f10x_rcc.o
    0x20000060   0x0000001f   Data   RW         3626    .data               mrfi.o
    0x2000007f   0x00000001   PAD
    0x20000080   0x00000004   Data   RW         3864    .data               bsp.o
    0x20000084   0x00000698   Data   RW         3922    .data               nwk.o
    0x2000071c   0x00000001   Data   RW         4081    .data               nwk_api.o
    0x2000071d   0x00000003   PAD
    0x20000720   0x00000028   Data   RW         4165    .data               nwk_frame.o
    0x20000748   0x0000000e   Data   RW         4267    .data               nwk_globals.o
    0x20000756   0x00000002   PAD
    0x20000758   0x00000011   Data   RW         4432    .data               nwk_join.o
    0x20000769   0x00000003   PAD
    0x2000076c   0x0000000c   Data   RW         4490    .data               nwk_link.o
    0x20000778   0x00000001   Data   RW         4566    .data               nwk_mgmt.o
    0x20000779   0x00000001   Data   RW         4636    .data               nwk_ping.o
    0x2000077a   0x00000002   PAD
    0x2000077c   0x000000ac   Data   RW         4764    .data               wers.o
    0x20000828   0x00000004   Data   RW         5191    .data               rf_wd.o
    0x2000082c   0x00000008   Data   RW         5226    .data               rf_mem.o
    0x20000834   0x00000002   Data   RW         5273    .data               os_cpu_c.o
    0x20000836   0x00000002   PAD
    0x20000838   0x0000005c   Data   RW         5387    .data               os_core.o
    0x20000894   0x00000004   Data   RW         6406    .data               mc_w.l(stdout.o)
    0x20000898   0x000001a0   Zero   RW            7    .bss                main.o
    0x20000a38   0x00000040   Zero   RW          340    .bss                dtimer.o
    0x20000a78   0x00000800   Zero   RW          434    .bss                flash.o
    0x20001278   0x00000010   Zero   RW          480    .bss                uart.o
    0x20001288   0x00000040   Zero   RW         3624    .bss                mrfi.o
    0x200012c8   0x00000184   Zero   RW         4162    .bss                nwk_frame.o
    0x2000144c   0x00002a80   Zero   RW         4331    .bss                nwk_qmgmt.o
    0x20003ecc   0x0000000c   Zero   RW         4431    .bss                nwk_join.o
    0x20003ed8   0x00000080   Zero   RW         4489    .bss                nwk_link.o
    0x20003f58   0x00002a28   Zero   RW         4762    .bss                wers.o
    0x20006980   0x0000100c   Zero   RW         5225    .bss                rf_mem.o
    0x2000798c   0x000019a8   Zero   RW         5385    .bss                os_core.o
    0x20009334   0x00000004   PAD
    0x20009338   0x00000100   Zero   RW          608    STACK               startup_stm32f10x_hd.o


==============================================================================

Image component sizes


      Code (inc. data)   RO Data    RW Data    ZI Data      Debug   Object Name

       388         50          0          4          0       7548   bsp.o
       624         66          0          4         64      29842   dtimer.o
      1048         42          0          0       2048      10997   flash.o
       352         92          0          0        416     240855   main.o
       116         14          0          0          0        864   misc.o
      2986        556        191         31         64     232974   mrfi.o
      1192         92          0       1688          0      16072   nwk.o
       498         20          0          1          0       5996   nwk_api.o
      1226        154        124         40        388       7602   nwk_frame.o
         8          0          0          0          0       1257   nwk_freq.o
       120         48         23         14          0       3251   nwk_globals.o
       328          0          0          0          0       4156   nwk_ioctl.o
       584        112          0         17         12       4621   nwk_join.o
      1152        140          0         12        128       9090   nwk_link.o
      1096        160          0          1          0       7902   nwk_mgmt.o
       360         32          0          1          0       3032   nwk_ping.o
       616         36          0          0      10880       4680   nwk_qmgmt.o
         8          0          0          0          0       1189   nwk_security.o
      2598        464        256         92       6568      23832   os_core.o
       176         40          0          0          0        280   os_cpu_a.o
       214         10          0          2          0      15134   os_cpu_c.o
        76          8          0          0          0        518   os_flag.o
        76          8          0          0          0        489   os_mem.o
       754         34          0          0          0       3951   os_q.o
       430         24          0          0          0       2310   os_sem.o
       722         48          0          0          0       4452   os_task.o
       112         16          0          0          0        572   os_time.o
       652        120          0          0          0       4267   os_tmr.o
       936        356          0          8       4108       3324   rf_mem.o
       176         26          0          4          0        995   rf_wd.o
       196         18          0          0          0       2609   spi_cc1100.o
        48         12        304          0        256        796   startup_stm32f10x_hd.o
       408         76        172         72          0       4125   stm32_eval.o
       200         18          0          0          0       1804   stm32f10x_exti.o
       112          6          0          0          0       2659   stm32f10x_flash.o
       338          4          0          0          0       2350   stm32f10x_gpio.o
       164         20          0          0          0      10472   stm32f10x_it.o
        68         30          0          0          0       2110   stm32f10x_iwdg.o
       276         32          0         20          0       4078   stm32f10x_rcc.o
        84          0          0          0          0       8881   stm32f10x_spi.o
       228         20          0          0          0       5018   stm32f10x_tim.o
       292          4          0          0          0       4313   stm32f10x_usart.o
       388         34          0          0          0       6561   system_stm32f10x.o
       184         18          0          0         16       1974   uart.o
      5656        572        369        172      10792      38947   wers.o

    ----------------------------------------------------------------------
     28316       3632       1476       2196      35744     748749   Object Totals
         0          0         32          0          0          0   (incl. Generated)
        50          0          5         13          4          0   (incl. Padding)

    ----------------------------------------------------------------------

      Code (inc. data)   RO Data    RW Data    ZI Data      Debug   Library Member Name

        92          0          0          0          0          0   __dczerorl2.o
         0          0          0          0          0          0   entry.o
         8          4          0          0          0          0   entry2.o
         4          0          0          0          0          0   entry5.o
         0          0          0          0          0          0   entry7b.o
         8          4          0          0          0          0   entry8.o
        30          0          0          0          0          0   handlers.o
        36          8          0          0          0         68   init.o
        30          0          0          0          0         68   llshl.o
        32          0          0          0          0         68   llushr.o
        26          0          0          0          0         80   memcmp.o
        40          0          0          0          0         76   memcpy.o
        38          0          0          0          0        108   memseta.o
      1174         56          0          0          0        352   printf8.o
         0          0          0          4          0          0   stdout.o
        98          0          0          0          0         92   uldiv.o

    ----------------------------------------------------------------------
      1624         72          0          4          0        912   Library Totals
         8          0          0          0          0          0   (incl. Padding)

    ----------------------------------------------------------------------

      Code (inc. data)   RO Data    RW Data    ZI Data      Debug   Library Name

      1616         72          0          4          0        912   mc_w.l

    ----------------------------------------------------------------------
      1624         72          0          4          0        912   Library Totals

    ----------------------------------------------------------------------

==============================================================================


      Code (inc. data)   RO Data    RW Data    ZI Data      Debug   

     29940       3704       1476       2200      35744     734009   Grand Totals
     29940       3704       1476        124      35744     734009   ELF Image Totals (compressed)
     29940       3704       1476        124          0          0   ROM Totals

==============================================================================

    Total RO  Size (Code + RO Data)                31416 (  30.68kB)
    Total RW  Size (RW Data + ZI Data)             37944 (  37.05kB)
    Total ROM Size (Code + RO Data + RW Data)      31540 (  30.80kB)

==============================================================================

